Archive member included to satisfy reference by file (symbol)

C:\devkitPro/libogc/lib/wii\libwiiuse.a(wpad.o)
                              main.o (WPAD_Shutdown)
C:\devkitPro/libogc/lib/wii\libwiiuse.a(motion_plus.o)
                              C:\devkitPro/libogc/lib/wii\libwiiuse.a(wpad.o) (wiiuse_set_motion_plus)
C:\devkitPro/libogc/lib/wii\libwiiuse.a(dynamics.o)
                              C:\devkitPro/libogc/lib/wii\libwiiuse.a(wpad.o) (calculate_gforce)
C:\devkitPro/libogc/lib/wii\libwiiuse.a(io.o)
                              C:\devkitPro/libogc/lib/wii\libwiiuse.a(motion_plus.o) (wiiuse_disable_expansion)
C:\devkitPro/libogc/lib/wii\libwiiuse.a(io_wii.o)
                              C:\devkitPro/libogc/lib/wii\libwiiuse.a(wpad.o) (__wiiuse_sensorbar_enable)
C:\devkitPro/libogc/lib/wii\libwiiuse.a(ir.o)
                              C:\devkitPro/libogc/lib/wii\libwiiuse.a(motion_plus.o) (wiiuse_set_ir_mode)
C:\devkitPro/libogc/lib/wii\libwiiuse.a(nunchuk.o)
                              C:\devkitPro/libogc/lib/wii\libwiiuse.a(io.o) (nunchuk_handshake)
C:\devkitPro/libogc/lib/wii\libwiiuse.a(wiiboard.o)
                              C:\devkitPro/libogc/lib/wii\libwiiuse.a(io.o) (wii_board_handshake)
C:\devkitPro/libogc/lib/wii\libwiiuse.a(wiiuse.o)
                              C:\devkitPro/libogc/lib/wii\libwiiuse.a(wpad.o) (wiiuse_init)
C:\devkitPro/libogc/lib/wii\libwiiuse.a(speaker.o)
                              C:\devkitPro/libogc/lib/wii\libwiiuse.a(wpad.o) (wencdata)
C:\devkitPro/libogc/lib/wii\libwiiuse.a(classic.o)
                              C:\devkitPro/libogc/lib/wii\libwiiuse.a(io.o) (classic_ctrl_handshake)
C:\devkitPro/libogc/lib/wii\libwiiuse.a(events.o)
                              C:\devkitPro/libogc/lib/wii\libwiiuse.a(io_wii.o) (parse_event)
C:\devkitPro/libogc/lib/wii\libwiiuse.a(guitar_hero_3.o)
                              C:\devkitPro/libogc/lib/wii\libwiiuse.a(io.o) (guitar_hero_3_handshake)
C:\devkitPro/libogc/lib/wii\libbte.a(bte.o)
                              C:\devkitPro/libogc/lib/wii\libwiiuse.a(wpad.o) (BTE_Init)
C:\devkitPro/libogc/lib/wii\libbte.a(hci.o)
                              C:\devkitPro/libogc/lib/wii\libbte.a(bte.o) (hci_init)
C:\devkitPro/libogc/lib/wii\libbte.a(l2cap.o)
                              C:\devkitPro/libogc/lib/wii\libbte.a(bte.o) (l2cap_init)
C:\devkitPro/libogc/lib/wii\libbte.a(btmemb.o)
                              C:\devkitPro/libogc/lib/wii\libbte.a(bte.o) (btmemb_init)
C:\devkitPro/libogc/lib/wii\libbte.a(btmemr.o)
                              C:\devkitPro/libogc/lib/wii\libbte.a(hci.o) (btmemr_init)
C:\devkitPro/libogc/lib/wii\libbte.a(btpbuf.o)
                              C:\devkitPro/libogc/lib/wii\libbte.a(hci.o) (btpbuf_init)
C:\devkitPro/libogc/lib/wii\libbte.a(physbusif.o)
                              C:\devkitPro/libogc/lib/wii\libbte.a(bte.o) (physbusif_init)
C:\devkitPro/libogc/lib/wii\libmad.a(mp3player.o)
                              main.o (MP3Player_Init)
C:\devkitPro/libogc/lib/wii\libmad.a(frame.o)
                              C:\devkitPro/libogc/lib/wii\libmad.a(mp3player.o) (mad_frame_init)
C:\devkitPro/libogc/lib/wii\libmad.a(layer12.o)
                              C:\devkitPro/libogc/lib/wii\libmad.a(frame.o) (mad_layer_I)
C:\devkitPro/libogc/lib/wii\libmad.a(layer3.o)
                              C:\devkitPro/libogc/lib/wii\libmad.a(frame.o) (mad_layer_III)
C:\devkitPro/libogc/lib/wii\libmad.a(stream.o)
                              C:\devkitPro/libogc/lib/wii\libmad.a(mp3player.o) (mad_stream_init)
C:\devkitPro/libogc/lib/wii\libmad.a(synth.o)
                              C:\devkitPro/libogc/lib/wii\libmad.a(mp3player.o) (mad_synth_init)
C:\devkitPro/libogc/lib/wii\libmad.a(timer.o)
                              C:\devkitPro/libogc/lib/wii\libmad.a(frame.o) (mad_timer_set)
C:\devkitPro/libogc/lib/wii\libmad.a(bit.o)
                              C:\devkitPro/libogc/lib/wii\libmad.a(frame.o) (mad_bit_init)
C:\devkitPro/libogc/lib/wii\libmad.a(huffman.o)
                              C:\devkitPro/libogc/lib/wii\libmad.a(layer3.o) (mad_huff_pair_table)
C:\devkitPro/libogc/lib/wii\libasnd.a(asndlib.o)
                              main.o (ASND_Init)
C:\devkitPro/libogc/lib/wii\libasnd.a(asnd_dsp_mixer_bin.o)
                              C:\devkitPro/libogc/lib/wii\libasnd.a(asndlib.o) (asnd_dsp_mixer_bin)
C:\devkitPro/libogc/lib/wii\libogc.a(common_crt0.o)
                              (__app_start)
C:\devkitPro/libogc/lib/wii\libogc.a(early_init.o)
                              C:\devkitPro/libogc/lib/wii\libogc.a(common_crt0.o) (PPCEarlyInit)
C:\devkitPro/libogc/lib/wii\libogc.a(default_stacks.o)
                              C:\devkitPro/libogc/lib/wii\libogc.a(common_crt0.o) (__ppc_main_sp)
C:\devkitPro/libogc/lib/wii\libogc.a(cache.o)
                              C:\devkitPro/libogc/lib/wii\libasnd.a(asndlib.o) (PPCDCacheFlushAsync)
C:\devkitPro/libogc/lib/wii\libogc.a(exception.o)
[...]
Memory Configuration

Name             Origin             Length             Attributes
*default*        0x00000000         0xffffffff

Linker script and memory map

                0x00003400                        . = 0x3400

.stub
 *(.stub)
                0x80003f00                        . = 0x80003f00
                0x90002000                        PROVIDE (__Arena2Lo = 0x90002000)
                0x933e0000                        PROVIDE (__Arena2Hi = 0x933e0000)
                0x933e0000                        PROVIDE (__ipcbufferLo = 0x933e0000)
                0x93400000                        PROVIDE (__ipcbufferHi = 0x93400000)
                0x00000000                        PROVIDE (__isIPL = 0x0)
                0x800000d0                        PROVIDE (__ppc_excpt_buf = 0x800000d0)
                0x80003000                        PROVIDE (__ppc_excpt_table = 0x80003000)

.init           0x80003f00       0xa4
 *(.crt0 .crt0.*)
 .crt0.__app_start
                0x80003f00       0xa4 C:\devkitPro/libogc/lib/wii\libogc.a(common_crt0.o)
                0x80003f00                __app_start

.text           0x80003fb0    0x4ae10
 *(SORT_NONE(.init))
 .init          0x80003fb0        0xc C:/devkitPro/devkitPPC/bin/../lib/gcc/powerpc-eabi/16.1.0/ecrti.o
                0x80003fb0                __init
 .init          0x80003fbc        0x4 C:/devkitPro/devkitPPC/bin/../lib/gcc/powerpc-eabi/16.1.0/crtbegin.o
 .init          0x80003fc0        0x4 C:/devkitPro/devkitPPC/bin/../lib/gcc/powerpc-eabi/16.1.0/crtend.o
 .init          0x80003fc4       0x10 C:/devkitPro/devkitPPC/bin/../lib/gcc/powerpc-eabi/16.1.0/ecrtn.o
 *(.text.unlikely .text.*_unlikely .text.unlikely.*)
 .text.unlikely.abort
                0x80003fd4       0x2c C:/devkitPro/devkitPPC/bin/../lib/gcc/powerpc-eabi/16.1.0/../../../../powerpc-eabi/lib\libsysbase.a(libsysbase_libsysbase_a-abort.o)
                0x80003fd4                abort
 *(.text.exit .text.exit.*)
 .text.exit     0x80004000       0x3c C:/devkitPro/devkitPPC/bin/../lib/gcc/powerpc-eabi/16.1.0/../../../../powerpc-eabi/lib\libc.a(libc_a-exit.o)
                0x80004000                exit
 *(.text.startup .text.startup.*)
 .text.startup.main
                0x8000403c      0x414 main.o
                0x8000403c                main
 .text.startup.register_fini
                0x80004450        0xc C:/devkitPro/devkitPPC/bin/../lib/gcc/powerpc-eabi/16.1.0/../../../../powerpc-eabi/lib\libc.a(libc_a-__call_atexit.o)
 *(.text.hot .text.hot.*)
 *(SORT_BY_NAME(.text.sorted.*))
 *(.text .iplt .stub .text.* .gnu.linkonce.t.*)
 .text.__do_global_dtors_aux
                0x8000445c       0xcc C:/devkitPro/devkitPPC/bin/../lib/gcc/powerpc-eabi/16.1.0/crtbegin.o
 .text.frame_dummy
                0x80004528       0x24 C:/devkitPro/devkitPPC/bin/../lib/gcc/powerpc-eabi/16.1.0/crtbegin.o
 *fill*         0x8000454c        0x0 00000000
 .iplt          0x8000454c        0x0 C:/devkitPro/devkitPPC/bin/../lib/gcc/powerpc-eabi/16.1.0/crtbegin.o
 .text.BANNER.part.0
                0x8000454c       0xf4 main.o
 .text.handle_background_music
                0x80004640       0x4c main.o
                0x80004640                handle_background_music
 .text.doom     0x8000468c       0xbc main.o
                0x8000468c                doom
 .text.print_perfect_center
                0x80004748       0x5c main.o
                0x80004748                print_perfect_center
 .text.shutdown_subsystems
                0x800047a4       0x24 main.o
                0x800047a4                shutdown_subsystems
 .text.interactive_sleep
                0x800047c8       0xb0 main.o
                0x800047c8                interactive_sleep
 .text.WARNING  0x80004878      0x188 main.o
                0x80004878                WARNING
 .text.__wpad_setevtfilter_finished
                0x80004a00       0x60 C:\devkitPro/libogc/lib/wii\libwiiuse.a(wpad.o)
 .text.__wpad_disconnectCB
                0x80004a60      0x1a8 C:\devkitPro/libogc/lib/wii\libwiiuse.a(wpad.o)
                0x80004a60                __wpad_disconnectCB
 .text.__wpad_hostsyncbuttonCB
                0x80004c08       0x7c C:\devkitPro/libogc/lib/wii\libwiiuse.a(wpad.o)
 .text.GetActiveSlot
                0x80004c84       0x8c C:\devkitPro/libogc/lib/wii\libwiiuse.a(wpad.o)
 .text.__wpad_assign_slot
                0x80004d10      0x160 C:\devkitPro/libogc/lib/wii\libwiiuse.a(wpad.o)
                0x80004d10                __wpad_assign_slot
 .text.__wpad_register_new
                0x80004e70      0x460 C:\devkitPro/libogc/lib/wii\libwiiuse.a(wpad.o)
                0x80004e70                __wpad_register_new
 .text.__wpad_def_powcb
                0x800052d0        0x4 C:\devkitPro/libogc/lib/wii\libwiiuse.a(wpad.o)
 .text.__wpad_read_remote_name_finished
                0x800052d4      0x240 C:\devkitPro/libogc/lib/wii\libwiiuse.a(wpad.o)
                0x800052d4                __wpad_read_remote_name_finished
 .text.__wpad_confsave_thread_func
                0x80005514       0x58 C:\devkitPro/libogc/lib/wii\libwiiuse.a(wpad.o)
 .text.__initcore_finished
                0x8000556c       0x90 C:\devkitPro/libogc/lib/wii\libwiiuse.a(wpad.o)
 .text.__readlinkkey_finished
                0x800055fc      0x124 C:\devkitPro/libogc/lib/wii\libwiiuse.a(wpad.o)
 .text.__wpad_patch_finished
                0x80005720       0x7c C:\devkitPro/libogc/lib/wii\libwiiuse.a(wpad.o)
 .text.__wpad_init_finished
                0x8000579c       0x88 C:\devkitPro/libogc/lib/wii\libwiiuse.a(wpad.o)
 .text.__wpad_linkkeynotCB
                0x80005824      0x320 C:\devkitPro/libogc/lib/wii\libwiiuse.a(wpad.o)
 .text.__wpad_linkkeyreqCB
                0x80005b44      0x16c C:\devkitPro/libogc/lib/wii\libwiiuse.a(wpad.o)
 .text.__wpad_connreqCB
                0x80005cb0      0x2bc C:\devkitPro/libogc/lib/wii\libwiiuse.a(wpad.o)
 .text.__wpad_setfmt
                0x80005f6c      0x14c C:\devkitPro/libogc/lib/wii\libwiiuse.a(wpad.o)
 .text.__wpad_eventCB
                0x800060b8      0xbd4 C:\devkitPro/libogc/lib/wii\libwiiuse.a(wpad.o)
 .text.__wpad_inquiry_finished
                0x80006c8c      0x124 C:\devkitPro/libogc/lib/wii\libwiiuse.a(wpad.o)
                0x80006c8c                __wpad_inquiry_finished
 .text.__wpad_timeouthandler
                0x80006db0       0xd8 C:\devkitPro/libogc/lib/wii\libwiiuse.a(wpad.o)
 .text.__WPADClearActiveList
                0x80006e88      0x110 C:\devkitPro/libogc/lib/wii\libwiiuse.a(wpad.o)
                0x80006e88                __WPADClearActiveList
 .text.WPAD_WipeSavedControllers
                0x80006f98      0x138 C:\devkitPro/libogc/lib/wii\libwiiuse.a(wpad.o)
                0x80006f98                WPAD_WipeSavedControllers
 .text.__wpad_def_hostsynccb
                0x800070d0       0x60 C:\devkitPro/libogc/lib/wii\libwiiuse.a(wpad.o)
 .text.WPAD_ReadEvent
                0x80007130      0x638 C:\devkitPro/libogc/lib/wii\libwiiuse.a(wpad.o)
                0x80007130                WPAD_ReadEvent
 .text.WPAD_ReadPending
                0x80007768      0x1b4 C:\devkitPro/libogc/lib/wii\libwiiuse.a(wpad.o)
                0x80007768                WPAD_ReadPending
 .text.WPAD_Shutdown
                0x8000791c      0x13c C:\devkitPro/libogc/lib/wii\libwiiuse.a(wpad.o)
                0x8000791c                WPAD_Shutdown
 .text.WPAD_Init
                0x80007a58      0x30c C:\devkitPro/libogc/lib/wii\libwiiuse.a(wpad.o)
                0x80007a58                WPAD_Init
 .text.__wpad_onreset
                0x80007d64       0x34 C:\devkitPro/libogc/lib/wii\libwiiuse.a(wpad.o)
 .text.WPAD_ScanPads
                0x80007d98       0x7c C:\devkitPro/libogc/lib/wii\libwiiuse.a(wpad.o)
                0x80007d98                WPAD_ScanPads
 .text.WPAD_ButtonsDown
                0x80007e14       0x28 C:\devkitPro/libogc/lib/wii\libwiiuse.a(wpad.o)
                0x80007e14                WPAD_ButtonsDown
 .text.WPAD_ButtonsHeld
                0x80007e3c       0x28 C:\devkitPro/libogc/lib/wii\libwiiuse.a(wpad.o)
                0x80007e3c                WPAD_ButtonsHeld
 .text.motion_plus_disconnected
                0x80007e64       0x10 C:\devkitPro/libogc/lib/wii\libwiiuse.a(motion_plus.o)
                0x80007e64                motion_plus_disconnected
 .text.motion_plus_event
                0x80007e74       0x64 C:\devkitPro/libogc/lib/wii\libwiiuse.a(motion_plus.o)
                0x80007e74                motion_plus_event
 .text.calculate_gforce
                0x80007ed8      0x114 C:\devkitPro/libogc/lib/wii\libwiiuse.a(dynamics.o)
                0x80007ed8                calculate_gforce
 .text.calc_joystick_state
                0x80007fec      0x208 C:\devkitPro/libogc/lib/wii\libwiiuse.a(dynamics.o)
                0x80007fec                calc_joystick_state
 .text.apply_smoothing
                0x800081f4      0x110 C:\devkitPro/libogc/lib/wii\libwiiuse.a(dynamics.o)
                0x800081f4                apply_smoothing
 .text.calculate_orientation
                0x80008304      0x360 C:\devkitPro/libogc/lib/wii\libwiiuse.a(dynamics.o)
                0x80008304                calculate_orientation
 .text.calc_balanceboard_state
                0x80008664      0x3a4 C:\devkitPro/libogc/lib/wii\libwiiuse.a(dynamics.o)
                0x80008664                calc_balanceboard_state
 .text.wiiuse_handshake
                0x80008a08      0x24c C:\devkitPro/libogc/lib/wii\libwiiuse.a(io.o)
                0x80008a08                wiiuse_handshake
 .text.wiiuse_handshake_expansion
                0x80008c54      0x210 C:\devkitPro/libogc/lib/wii\libwiiuse.a(io.o)
                0x80008c54                wiiuse_handshake_expansion
 .text.wiiuse_handshake_expansion_start
                0x80008e64       0x5c C:\devkitPro/libogc/lib/wii\libwiiuse.a(io.o)
                0x80008e64                wiiuse_handshake_expansion_start
 .text.wiiuse_disable_expansion
                0x80008ec0      0x1b0 C:\devkitPro/libogc/lib/wii\libwiiuse.a(io.o)
                0x80008ec0                wiiuse_disable_expansion
 .text.__wiiuse_connected
                0x80009070       0xac C:\devkitPro/libogc/lib/wii\libwiiuse.a(io_wii.o)
 .text.__wiiuse_disconnected
                0x8000911c       0xc8 C:\devkitPro/libogc/lib/wii\libwiiuse.a(io_wii.o)
 .text.__wiiuse_receive
                0x800091e4       0xc4 C:\devkitPro/libogc/lib/wii\libwiiuse.a(io_wii.o)
 .text.__wiiuse_accept_step2
                0x800092a8       0x5c C:\devkitPro/libogc/lib/wii\libwiiuse.a(io_wii.o)
 .text.__wiiuse_connect_step2
                0x80009304       0x5c C:\devkitPro/libogc/lib/wii\libwiiuse.a(io_wii.o)
 .text.__wiiuse_sensorbar_enable
                0x80009360       0x50 C:\devkitPro/libogc/lib/wii\libwiiuse.a(io_wii.o)
                0x80009360                __wiiuse_sensorbar_enable
 .text.wiiuse_accept
                0x800093b0      0x15c C:\devkitPro/libogc/lib/wii\libwiiuse.a(io_wii.o)
                0x800093b0                wiiuse_accept
 .text.wiiuse_connect
                0x8000950c      0x15c C:\devkitPro/libogc/lib/wii\libwiiuse.a(io_wii.o)
                0x8000950c                wiiuse_connect
 .text.wiiuse_disconnect
                0x80009668       0x50 C:\devkitPro/libogc/lib/wii\libwiiuse.a(io_wii.o)
                0x80009668                wiiuse_disconnect
 .text.wiiuse_init_cmd_queue
                0x800096b8       0xa4 C:\devkitPro/libogc/lib/wii\libwiiuse.a(io_wii.o)
                0x800096b8                wiiuse_init_cmd_queue
 .text.wiiuse_io_write
                0x8000975c       0x1c C:\devkitPro/libogc/lib/wii\libwiiuse.a(io_wii.o)
                0x8000975c                wiiuse_io_write
 .text.rotate_dots
                0x80009778      0x134 C:\devkitPro/libogc/lib/wii\libwiiuse.a(ir.o)
 .text.wiiuse_set_ir_mode
                0x800098ac       0x5c C:\devkitPro/libogc/lib/wii\libwiiuse.a(ir.o)
                0x800098ac                wiiuse_set_ir_mode
 .text.wiiuse_set_ir
                0x80009908      0x25c C:\devkitPro/libogc/lib/wii\libwiiuse.a(ir.o)
                0x80009908                wiiuse_set_ir
 .text.wiiuse_set_ir_position
                0x80009b64       0x80 C:\devkitPro/libogc/lib/wii\libwiiuse.a(ir.o)
                0x80009b64                wiiuse_set_ir_position
 .text.wiiuse_set_aspect_ratio
                0x80009be4       0xac C:\devkitPro/libogc/lib/wii\libwiiuse.a(ir.o)
                0x80009be4                wiiuse_set_aspect_ratio
 .text.wiiuse_set_ir_sensitivity
                0x80009c90      0x190 C:\devkitPro/libogc/lib/wii\libwiiuse.a(ir.o)
                0x80009c90                wiiuse_set_ir_sensitivity
 .text.calculate_basic_ir
                0x80009e20       0xe8 C:\devkitPro/libogc/lib/wii\libwiiuse.a(ir.o)
                0x80009e20                calculate_basic_ir
 .text.calculate_extended_ir
                0x80009f08       0x64 C:\devkitPro/libogc/lib/wii\libwiiuse.a(ir.o)
                0x80009f08                calculate_extended_ir
 .text.find_sensorbar
                0x80009f6c      0xacc C:\devkitPro/libogc/lib/wii\libwiiuse.a(ir.o)
                0x80009f6c                find_sensorbar
 .text.apply_ir_smoothing
                0x8000aa38      0x120 C:\devkitPro/libogc/lib/wii\libwiiuse.a(ir.o)
                0x8000aa38                apply_ir_smoothing
 .text.interpret_ir_data
                0x8000ab58      0x3e8 C:\devkitPro/libogc/lib/wii\libwiiuse.a(ir.o)
                0x8000ab58                interpret_ir_data
 .text.nunchuk_handshake
                0x8000af40      0x390 C:\devkitPro/libogc/lib/wii\libwiiuse.a(nunchuk.o)
                0x8000af40                nunchuk_handshake
 .text.nunchuk_disconnected
                0x8000b2d0        0xc C:\devkitPro/libogc/lib/wii\libwiiuse.a(nunchuk.o)
                0x8000b2d0                nunchuk_disconnected
 .text.nunchuk_event
                0x8000b2dc       0xe8 C:\devkitPro/libogc/lib/wii\libwiiuse.a(nunchuk.o)
                0x8000b2dc                nunchuk_event
 .text.wii_board_handshake
                0x8000b3c4      0x28c C:\devkitPro/libogc/lib/wii\libwiiuse.a(wiiboard.o)
                0x8000b3c4                wii_board_handshake
 .text.wii_board_disconnected
                0x8000b650        0xc C:\devkitPro/libogc/lib/wii\libwiiuse.a(wiiboard.o)
                0x8000b650                wii_board_disconnected
 .text.wii_board_event
                0x8000b65c       0x24 C:\devkitPro/libogc/lib/wii\libwiiuse.a(wiiboard.o)
                0x8000b65c                wii_board_event
 .text.wiiuse_send_next_command
                0x8000b680       0x58 C:\devkitPro/libogc/lib/wii\libwiiuse.a(wiiuse.o)
                0x8000b680                wiiuse_send_next_command
 .text.wiiuse_init
                0x8000b6d8      0x1fc C:\devkitPro/libogc/lib/wii\libwiiuse.a(wiiuse.o)
                0x8000b6d8                wiiuse_init
 .text.wiiuse_set_flags
                0x8000b8d4       0x28 C:\devkitPro/libogc/lib/wii\libwiiuse.a(wiiuse.o)
                0x8000b8d4                wiiuse_set_flags
 .text.wiiuse_read_data
                0x8000b8fc      0x120 C:\devkitPro/libogc/lib/wii\libwiiuse.a(wiiuse.o)
                0x8000b8fc                wiiuse_read_data
 .text.wiiuse_write_data
                0x8000ba1c      0x158 C:\devkitPro/libogc/lib/wii\libwiiuse.a(wiiuse.o)
                0x8000ba1c                wiiuse_write_data
 .text.wiiuse_sendcmd
                0x8000bb74      0x13c C:\devkitPro/libogc/lib/wii\libwiiuse.a(wiiuse.o)
                0x8000bb74                wiiuse_sendcmd
 .text.wiiuse_set_leds
                0x8000bcb0       0x50 C:\devkitPro/libogc/lib/wii\libwiiuse.a(wiiuse.o)
                0x8000bcb0                wiiuse_set_leds
 .text.wiiuse_set_report_type
                0x8000bd00       0xb4 C:\devkitPro/libogc/lib/wii\libwiiuse.a(wiiuse.o)
                0x8000bd00                wiiuse_set_report_type
 .text.wiiuse_status
                0x8000bdb4       0x4c C:\devkitPro/libogc/lib/wii\libwiiuse.a(wiiuse.o)
                0x8000bdb4                wiiuse_status
 .text.wiiuse_motion_sensing
                0x8000be00       0x84 C:\devkitPro/libogc/lib/wii\libwiiuse.a(wiiuse.o)
                0x8000be00                wiiuse_motion_sensing
 .text.wiiuse_set_speaker
                0x8000be84      0x248 C:\devkitPro/libogc/lib/wii\libwiiuse.a(speaker.o)
                0x8000be84                wiiuse_set_speaker
 .text.classic_ctrl_pressed_buttons
                0x8000c0cc       0x4c C:\devkitPro/libogc/lib/wii\libwiiuse.a(classic.o)
 .text.classic_ctrl_handshake
                0x8000c118      0x460 C:\devkitPro/libogc/lib/wii\libwiiuse.a(classic.o)
                0x8000c118                classic_ctrl_handshake
 .text.classic_ctrl_disconnected
                0x8000c578        0xc C:\devkitPro/libogc/lib/wii\libwiiuse.a(classic.o)
                0x8000c578                classic_ctrl_disconnected
 .text.classic_ctrl_event
                0x8000c584      0x19c C:\devkitPro/libogc/lib/wii\libwiiuse.a(classic.o)
                0x8000c584                classic_ctrl_event
 .text.handle_expansion
                0x8000c720       0x54 C:\devkitPro/libogc/lib/wii\libwiiuse.a(events.o)
 .text.parse_event
                0x8000c774      0x73c C:\devkitPro/libogc/lib/wii\libwiiuse.a(events.o)
                0x8000c774                parse_event
 .text.guitar_hero_3_handshake
                0x8000ceb0       0x5c C:\devkitPro/libogc/lib/wii\libwiiuse.a(guitar_hero_3.o)
                0x8000ceb0                guitar_hero_3_handshake
 .text.guitar_hero_3_disconnected
                0x8000cf0c        0xc C:\devkitPro/libogc/lib/wii\libwiiuse.a(guitar_hero_3.o)
                0x8000cf0c                guitar_hero_3_disconnected
 .text.guitar_hero_3_event
                0x8000cf18       0x60 C:\devkitPro/libogc/lib/wii\libwiiuse.a(guitar_hero_3.o)
                0x8000cf18                guitar_hero_3_event
 .text.acl_wlp_completed
                0x8000cf78        0x8 C:\devkitPro/libogc/lib/wii\libbte.a(bte.o)
                0x8000cf78                acl_wlp_completed
 .text.bt_alarmhandler
                0x8000cf80        0x4 C:\devkitPro/libogc/lib/wii\libbte.a(bte.o)
 .text.__bte_send_pending_request
                0x8000cf84      0x11c C:\devkitPro/libogc/lib/wii\libbte.a(bte.o)
 .text.acl_conn_complete
                0x8000d0a0       0x28 C:\devkitPro/libogc/lib/wii\libbte.a(bte.o)
                0x8000d0a0                acl_conn_complete
 .text.acl_auth_complete
                0x8000d0c8       0x2c C:\devkitPro/libogc/lib/wii\libbte.a(bte.o)
                0x8000d0c8                acl_auth_complete
 .text.pin_req  0x8000d0f4       0x8c C:\devkitPro/libogc/lib/wii\libbte.a(bte.o)
                0x8000d0f4                pin_req
 .text.l2cap_connected
                0x8000d180       0xf0 C:\devkitPro/libogc/lib/wii\libbte.a(bte.o)
                0x8000d180                l2cap_connected
 .text.l2cap_accepted
                0x8000d270       0xe8 C:\devkitPro/libogc/lib/wii\libbte.a(bte.o)
                0x8000d270                l2cap_accepted
 .text.bte_inquiry_complete
                0x8000d358      0x230 C:\devkitPro/libogc/lib/wii\libbte.a(bte.o)
                0x8000d358                bte_inquiry_complete
 .text.l2cap_disconnect_cfm
                0x8000d588      0x180 C:\devkitPro/libogc/lib/wii\libbte.a(bte.o)
                0x8000d588                l2cap_disconnect_cfm
 .text.bte_process_input
                0x8000d708      0x120 C:\devkitPro/libogc/lib/wii\libbte.a(bte.o)
 .text.l2cap_disconnected_ind
                0x8000d828      0x18c C:\devkitPro/libogc/lib/wii\libbte.a(bte.o)
                0x8000d828                l2cap_disconnected_ind
 .text.__bte_shutdown_finished
                0x8000d9b4       0xe0 C:\devkitPro/libogc/lib/wii\libbte.a(bte.o)
 .text.bte_hci_apply_patch_complete
                0x8000da94      0x148 C:\devkitPro/libogc/lib/wii\libbte.a(bte.o)
                0x8000da94                bte_hci_apply_patch_complete
 .text.bte_hci_patch_complete
                0x8000dbdc      0x340 C:\devkitPro/libogc/lib/wii\libbte.a(bte.o)
                0x8000dbdc                bte_hci_patch_complete
 .text.bte_read_remote_name_complete
                0x8000df1c      0x178 C:\devkitPro/libogc/lib/wii\libbte.a(bte.o)
                0x8000df1c                bte_read_remote_name_complete
 .text.bte_hci_initcore_complete
                0x8000e094      0x278 C:\devkitPro/libogc/lib/wii\libbte.a(bte.o)
                0x8000e094                bte_hci_initcore_complete
 .text.bte_read_stored_link_key_complete
                0x8000e30c      0x274 C:\devkitPro/libogc/lib/wii\libbte.a(bte.o)
                0x8000e30c                bte_read_stored_link_key_complete
 .text.bte_set_evt_filter_complete
                0x8000e580      0x1c4 C:\devkitPro/libogc/lib/wii\libbte.a(bte.o)
                0x8000e580                bte_set_evt_filter_complete
 .text.bte_hci_initcore_complete2
                0x8000e744      0x218 C:\devkitPro/libogc/lib/wii\libbte.a(bte.o)
 .text.bte_hci_initsub_complete
                0x8000e95c      0x260 C:\devkitPro/libogc/lib/wii\libbte.a(bte.o)
                0x8000e95c                bte_hci_initsub_complete
 .text.BTE_Init
                0x8000ebbc      0x148 C:\devkitPro/libogc/lib/wii\libbte.a(bte.o)
                0x8000ebbc                BTE_Init
 .text.BTE_Close
                0x8000ed04       0x58 C:\devkitPro/libogc/lib/wii\libbte.a(bte.o)
                0x8000ed04                BTE_Close
 .text.BTE_Shutdown
                0x8000ed5c       0xfc C:\devkitPro/libogc/lib/wii\libbte.a(bte.o)
                0x8000ed5c                BTE_Shutdown
 .text.BTE_InitCore
                0x8000ee58       0x74 C:\devkitPro/libogc/lib/wii\libbte.a(bte.o)
                0x8000ee58                BTE_InitCore
 .text.BTE_ApplyPatch
                0x8000eecc       0x8c C:\devkitPro/libogc/lib/wii\libbte.a(bte.o)
                0x8000eecc                BTE_ApplyPatch
 .text.BTE_InitSub
                0x8000ef58       0x78 C:\devkitPro/libogc/lib/wii\libbte.a(bte.o)
                0x8000ef58                BTE_InitSub
 .text.BTE_ReadStoredLinkKey
                0x8000efd0       0x78 C:\devkitPro/libogc/lib/wii\libbte.a(bte.o)
                0x8000efd0                BTE_ReadStoredLinkKey
 .text.BTE_SetEvtFilter
                0x8000f048       0xa0 C:\devkitPro/libogc/lib/wii\libbte.a(bte.o)
                0x8000f048                BTE_SetEvtFilter
 .text.BTE_ReadRemoteName
                0x8000f0e8       0x74 C:\devkitPro/libogc/lib/wii\libbte.a(bte.o)
                0x8000f0e8                BTE_ReadRemoteName
 .text.BTE_LinkKeyRequestReply
                0x8000f15c       0x84 C:\devkitPro/libogc/lib/wii\libbte.a(bte.o)
                0x8000f15c                BTE_LinkKeyRequestReply
 .text.BTE_LinkKeyRequestNegativeReply
                0x8000f1e0       0x74 C:\devkitPro/libogc/lib/wii\libbte.a(bte.o)
                0x8000f1e0                BTE_LinkKeyRequestNegativeReply
 .text.BTE_GetPairMode
                0x8000f254        0xc C:\devkitPro/libogc/lib/wii\libbte.a(bte.o)
                0x8000f254                BTE_GetPairMode
 .text.BTE_SetDisconnectCallback
                0x8000f260        0x4 C:\devkitPro/libogc/lib/wii\libbte.a(bte.o)
                0x8000f260                BTE_SetDisconnectCallback
 .text.BTE_SetHostSyncButtonCallback
                0x8000f264       0x44 C:\devkitPro/libogc/lib/wii\libbte.a(bte.o)
                0x8000f264                BTE_SetHostSyncButtonCallback
 .text.BTE_SetConnectionRequestCallback
                0x8000f2a8       0x44 C:\devkitPro/libogc/lib/wii\libbte.a(bte.o)
                0x8000f2a8                BTE_SetConnectionRequestCallback
 .text.BTE_SetLinkKeyRequestCallback
                0x8000f2ec       0x44 C:\devkitPro/libogc/lib/wii\libbte.a(bte.o)
                0x8000f2ec                BTE_SetLinkKeyRequestCallback
 .text.BTE_SetLinkKeyNotificationCallback
                0x8000f330       0x44 C:\devkitPro/libogc/lib/wii\libbte.a(bte.o)
                0x8000f330                BTE_SetLinkKeyNotificationCallback
 .text.BTE_WriteStoredLinkKey
                0x8000f374       0x84 C:\devkitPro/libogc/lib/wii\libbte.a(bte.o)
                0x8000f374                BTE_WriteStoredLinkKey
 .text.BTE_ClearStoredLinkKeys
                0x8000f3f8       0x68 C:\devkitPro/libogc/lib/wii\libbte.a(bte.o)
                0x8000f3f8                BTE_ClearStoredLinkKeys
 .text.bte_new  0x8000f460       0x54 C:\devkitPro/libogc/lib/wii\libbte.a(bte.o)
                0x8000f460                bte_new
 .text.bte_free
                0x8000f4b4       0x38 C:\devkitPro/libogc/lib/wii\libbte.a(bte.o)
                0x8000f4b4                bte_free
 .text.BTE_Inquiry
                0x8000f4ec       0xbc C:\devkitPro/libogc/lib/wii\libbte.a(bte.o)
                0x8000f4ec                BTE_Inquiry
 .text.bte_disconnect
                0x8000f5a8       0xc0 C:\devkitPro/libogc/lib/wii\libbte.a(bte.o)
                0x8000f5a8                bte_disconnect
 .text.bte_connectasync
                0x8000f668      0x11c C:\devkitPro/libogc/lib/wii\libbte.a(bte.o)
                0x8000f668                bte_connectasync
 .text.bte_connectasync_step2
                0x8000f784       0xd4 C:\devkitPro/libogc/lib/wii\libbte.a(bte.o)
                0x8000f784                bte_connectasync_step2
 .text.bte_listenasync
                0x8000f858      0x108 C:\devkitPro/libogc/lib/wii\libbte.a(bte.o)
                0x8000f858                bte_listenasync
 .text.bte_listenasync_step2
                0x8000f960       0xd0 C:\devkitPro/libogc/lib/wii\libbte.a(bte.o)
                0x8000f960                bte_listenasync_step2
 .text.bte_senddata
                0x8000fa30       0xfc C:\devkitPro/libogc/lib/wii\libbte.a(bte.o)
                0x8000fa30                bte_senddata
 .text.bte_arg  0x8000fb2c       0x24 C:\devkitPro/libogc/lib/wii\libbte.a(bte.o)
                0x8000fb2c                bte_arg
 .text.bte_received
                0x8000fb50       0x24 C:\devkitPro/libogc/lib/wii\libbte.a(bte.o)
                0x8000fb50                bte_received
 .text.bte_disconnected
                0x8000fb74       0x24 C:\devkitPro/libogc/lib/wii\libbte.a(bte.o)
                0x8000fb74                bte_disconnected
 .text.hci_get_link
                0x8000fb98       0x84 C:\devkitPro/libogc/lib/wii\libbte.a(hci.o)
 .text.hci_init
                0x8000fc1c       0x7c C:\devkitPro/libogc/lib/wii\libbte.a(hci.o)
                0x8000fc1c                hci_init
 .text.hci_close
                0x8000fc98      0x124 C:\devkitPro/libogc/lib/wii\libbte.a(hci.o)
                0x8000fc98                hci_close
 .text.hci_reset_all
                0x8000fdbc       0xa8 C:\devkitPro/libogc/lib/wii\libbte.a(hci.o)
                0x8000fdbc                hci_reset_all
 .text.hci_arg  0x8000fe64        0xc C:\devkitPro/libogc/lib/wii\libbte.a(hci.o)
                0x8000fe64                hci_arg
 .text.hci_cmd_complete
                0x8000fe70        0xc C:\devkitPro/libogc/lib/wii\libbte.a(hci.o)
                0x8000fe70                hci_cmd_complete
 .text.hci_pin_req
                0x8000fe7c        0xc C:\devkitPro/libogc/lib/wii\libbte.a(hci.o)
                0x8000fe7c                hci_pin_req
 .text.hci_sync_btn
                0x8000fe88        0xc C:\devkitPro/libogc/lib/wii\libbte.a(hci.o)
                0x8000fe88                hci_sync_btn
 .text.hci_remote_name_req_complete
                0x8000fe94        0xc C:\devkitPro/libogc/lib/wii\libbte.a(hci.o)
                0x8000fe94                hci_remote_name_req_complete
 .text.hci_link_key_req
                0x8000fea0        0xc C:\devkitPro/libogc/lib/wii\libbte.a(hci.o)
                0x8000fea0                hci_link_key_req
 .text.hci_link_key_not
                0x8000feac        0xc C:\devkitPro/libogc/lib/wii\libbte.a(hci.o)
                0x8000feac                hci_link_key_not
 .text.hci_connection_complete
                0x8000feb8        0xc C:\devkitPro/libogc/lib/wii\libbte.a(hci.o)
                0x8000feb8                hci_connection_complete
 .text.hci_auth_complete
                0x8000fec4        0xc C:\devkitPro/libogc/lib/wii\libbte.a(hci.o)
                0x8000fec4                hci_auth_complete
 .text.hci_wlp_complete
                0x8000fed0        0xc C:\devkitPro/libogc/lib/wii\libbte.a(hci.o)
                0x8000fed0                hci_wlp_complete
 .text.hci_conn_req
                0x8000fedc        0xc C:\devkitPro/libogc/lib/wii\libbte.a(hci.o)
                0x8000fedc                hci_conn_req
 .text.hci_reset
                0x8000fee8       0xa8 C:\devkitPro/libogc/lib/wii\libbte.a(hci.o)
                0x8000fee8                hci_reset
 .text.hci_read_buffer_size
                0x8000ff90       0xa8 C:\devkitPro/libogc/lib/wii\libbte.a(hci.o)
                0x8000ff90                hci_read_buffer_size
 .text.hci_read_bd_addr
                0x80010038       0xa8 C:\devkitPro/libogc/lib/wii\libbte.a(hci.o)
                0x80010038                hci_read_bd_addr
 .text.hci_read_local_version
                0x800100e0       0xa4 C:\devkitPro/libogc/lib/wii\libbte.a(hci.o)
                0x800100e0                hci_read_local_version
 .text.hci_read_local_features
                0x80010184       0xa8 C:\devkitPro/libogc/lib/wii\libbte.a(hci.o)
                0x80010184                hci_read_local_features
 .text.hci_read_stored_link_key
                0x8001022c      0x10c C:\devkitPro/libogc/lib/wii\libbte.a(hci.o)
                0x8001022c                hci_read_stored_link_key
 .text.hci_set_event_filter
                0x80010338      0x178 C:\devkitPro/libogc/lib/wii\libbte.a(hci.o)
                0x80010338                hci_set_event_filter
 .text.hci_write_page_timeout
                0x800104b0       0xc8 C:\devkitPro/libogc/lib/wii\libbte.a(hci.o)
                0x800104b0                hci_write_page_timeout
 .text.hci_write_scan_enable
                0x80010578       0xc0 C:\devkitPro/libogc/lib/wii\libbte.a(hci.o)
                0x80010578                hci_write_scan_enable
 .text.hci_inquiry
                0x80010638      0x144 C:\devkitPro/libogc/lib/wii\libbte.a(hci.o)
                0x80010638                hci_inquiry
 .text.hci_accept_conn_request
                0x8001077c       0xf0 C:\devkitPro/libogc/lib/wii\libbte.a(hci.o)
                0x8001077c                hci_accept_conn_request
 .text.hci_write_local_name
                0x8001086c       0xec C:\devkitPro/libogc/lib/wii\libbte.a(hci.o)
                0x8001086c                hci_write_local_name
 .text.hci_write_pin_type
                0x80010958       0xc0 C:\devkitPro/libogc/lib/wii\libbte.a(hci.o)
                0x80010958                hci_write_pin_type
 .text.hci_read_remote_name
                0x80010a18      0x1a8 C:\devkitPro/libogc/lib/wii\libbte.a(hci.o)
                0x80010a18                hci_read_remote_name
 .text.hci_write_inquiry_mode
                0x80010bc0       0xc0 C:\devkitPro/libogc/lib/wii\libbte.a(hci.o)
                0x80010bc0                hci_write_inquiry_mode
 .text.hci_write_page_scan_type
                0x80010c80       0xc0 C:\devkitPro/libogc/lib/wii\libbte.a(hci.o)
                0x80010c80                hci_write_page_scan_type
 .text.hci_write_inquiry_scan_type
                0x80010d40       0xc0 C:\devkitPro/libogc/lib/wii\libbte.a(hci.o)
                0x80010d40                hci_write_inquiry_scan_type
 .text.hci_vendor_specific_command
                0x80010e00      0x104 C:\devkitPro/libogc/lib/wii\libbte.a(hci.o)
                0x80010e00                hci_vendor_specific_command
 .text.hci_auth_req
                0x80010f04       0xdc C:\devkitPro/libogc/lib/wii\libbte.a(hci.o)
                0x80010f04                hci_auth_req
 .text.hci_write_link_policy_settings
                0x80010fe0       0xf4 C:\devkitPro/libogc/lib/wii\libbte.a(hci.o)
                0x80010fe0                hci_write_link_policy_settings
 .text.hci_pin_code_request_reply
                0x800110d4      0x150 C:\devkitPro/libogc/lib/wii\libbte.a(hci.o)
                0x800110d4                hci_pin_code_request_reply
 .text.hci_link_key_req_reply
                0x80011224      0x114 C:\devkitPro/libogc/lib/wii\libbte.a(hci.o)
                0x80011224                hci_link_key_req_reply
 .text.hci_pin_code_request_neg_reply
                0x80011338       0xd4 C:\devkitPro/libogc/lib/wii\libbte.a(hci.o)
                0x80011338                hci_pin_code_request_neg_reply
 .text.hci_link_key_req_neg_reply
                0x8001140c       0xd4 C:\devkitPro/libogc/lib/wii\libbte.a(hci.o)
                0x8001140c                hci_link_key_req_neg_reply
 .text.hci_disconnect
                0x800114e0       0xf8 C:\devkitPro/libogc/lib/wii\libbte.a(hci.o)
                0x800114e0                hci_disconnect
 .text.hci_reject_connection_request
                0x800115d8       0xf0 C:\devkitPro/libogc/lib/wii\libbte.a(hci.o)
                0x800115d8                hci_reject_connection_request
 .text.hci_write_stored_link_key
                0x800116c8      0x128 C:\devkitPro/libogc/lib/wii\libbte.a(hci.o)
                0x800116c8                hci_write_stored_link_key
 .text.hci_delete_stored_link_key
                0x800117f0      0x10c C:\devkitPro/libogc/lib/wii\libbte.a(hci.o)
                0x800117f0                hci_delete_stored_link_key
 .text.hci_write_cod
                0x800118fc       0xd8 C:\devkitPro/libogc/lib/wii\libbte.a(hci.o)
                0x800118fc                hci_write_cod
 .text.hci_host_buffer_size
                0x800119d4       0xf8 C:\devkitPro/libogc/lib/wii\libbte.a(hci.o)
                0x800119d4                hci_host_buffer_size
 .text.hci_host_num_comp_packets
                0x80011acc      0x100 C:\devkitPro/libogc/lib/wii\libbte.a(hci.o)
                0x80011acc                hci_host_num_comp_packets
 .text.lp_pdu_maxsize
                0x80011bcc        0xc C:\devkitPro/libogc/lib/wii\libbte.a(hci.o)
                0x80011bcc                lp_pdu_maxsize
 .text.hci_get_bd_addr
                0x80011bd8       0x50 C:\devkitPro/libogc/lib/wii\libbte.a(hci.o)
                0x80011bd8                hci_get_bd_addr
 .text.lp_is_connected
                0x80011c28       0x28 C:\devkitPro/libogc/lib/wii\libbte.a(hci.o)
                0x80011c28                lp_is_connected
 .text.lp_acl_write
                0x80011c50      0x144 C:\devkitPro/libogc/lib/wii\libbte.a(hci.o)
                0x80011c50                lp_acl_write
 .text.lp_write_flush_timeout
                0x80011d94       0xf4 C:\devkitPro/libogc/lib/wii\libbte.a(hci.o)
                0x80011d94                lp_write_flush_timeout
 .text.lp_connect_req
                0x80011e88      0x274 C:\devkitPro/libogc/lib/wii\libbte.a(hci.o)
                0x80011e88                lp_connect_req
 .text.hci_event_handler
                0x800120fc      0xdf4 C:\devkitPro/libogc/lib/wii\libbte.a(hci.o)
                0x800120fc                hci_event_handler
 .text.hci_acldata_handler
                0x80012ef0       0xec C:\devkitPro/libogc/lib/wii\libbte.a(hci.o)
                0x80012ef0                hci_acldata_handler
 .text.l2cap_init
                0x80012fdc       0x60 C:\devkitPro/libogc/lib/wii\libbte.a(l2cap.o)
                0x80012fdc                l2cap_init
 .text.l2cap_write
                0x8001303c      0x1a0 C:\devkitPro/libogc/lib/wii\libbte.a(l2cap.o)
                0x8001303c                l2cap_write
 .text.l2cap_new
                0x800131dc       0x60 C:\devkitPro/libogc/lib/wii\libbte.a(l2cap.o)
                0x800131dc                l2cap_new
 .text.l2cap_close
                0x8001323c      0x1b4 C:\devkitPro/libogc/lib/wii\libbte.a(l2cap.o)
                0x8001323c                l2cap_close
 .text.l2cap_reset_all
                0x800133f0      0x134 C:\devkitPro/libogc/lib/wii\libbte.a(l2cap.o)
                0x800133f0                l2cap_reset_all
 .text.l2cap_signal
                0x80013524      0x204 C:\devkitPro/libogc/lib/wii\libbte.a(l2cap.o)
                0x80013524                l2cap_signal
 .text.l2ca_connect_req
                0x80013728      0x1b8 C:\devkitPro/libogc/lib/wii\libbte.a(l2cap.o)
                0x80013728                l2ca_connect_req
 .text.l2ca_config_req
                0x800138e0      0x128 C:\devkitPro/libogc/lib/wii\libbte.a(l2cap.o)
                0x800138e0                l2ca_config_req
 .text.l2ca_disconnect_req
                0x80013a08       0xbc C:\devkitPro/libogc/lib/wii\libbte.a(l2cap.o)
                0x80013a08                l2ca_disconnect_req
 .text.l2cap_tmr
                0x80013ac4      0x260 C:\devkitPro/libogc/lib/wii\libbte.a(l2cap.o)
                0x80013ac4                l2cap_tmr
 .text.l2cap_process_sig
                0x80013d24     0x11bc C:\devkitPro/libogc/lib/wii\libbte.a(l2cap.o)
                0x80013d24                l2cap_process_sig
 .text.l2cap_input
                0x80014ee0      0x5bc C:\devkitPro/libogc/lib/wii\libbte.a(l2cap.o)
                0x80014ee0                l2cap_input
 .text.l2ca_datawrite
                0x8001549c      0x108 C:\devkitPro/libogc/lib/wii\libbte.a(l2cap.o)
                0x8001549c                l2ca_datawrite
 .text.lp_connect_cfm
                0x800155a4      0x160 C:\devkitPro/libogc/lib/wii\libbte.a(l2cap.o)
                0x800155a4                lp_connect_cfm
 .text.lp_connect_ind
                0x80015704        0x4 C:\devkitPro/libogc/lib/wii\libbte.a(l2cap.o)
                0x80015704                lp_connect_ind
 .text.lp_disconnect_ind
                0x80015708      0x1b0 C:\devkitPro/libogc/lib/wii\libbte.a(l2cap.o)
                0x80015708                lp_disconnect_ind
 .text.l2cap_disconnect_bb
                0x800158b8       0x10 C:\devkitPro/libogc/lib/wii\libbte.a(l2cap.o)
                0x800158b8                l2cap_disconnect_bb
 .text.l2cap_arg
                0x800158c8        0x8 C:\devkitPro/libogc/lib/wii\libbte.a(l2cap.o)
                0x800158c8                l2cap_arg
 .text.l2cap_connect_ind
                0x800158d0       0xec C:\devkitPro/libogc/lib/wii\libbte.a(l2cap.o)
                0x800158d0                l2cap_connect_ind
 .text.l2cap_disconnect_ind
                0x800159bc        0x8 C:\devkitPro/libogc/lib/wii\libbte.a(l2cap.o)
                0x800159bc                l2cap_disconnect_ind
 .text.l2cap_recv
                0x800159c4        0x8 C:\devkitPro/libogc/lib/wii\libbte.a(l2cap.o)
                0x800159c4                l2cap_recv
 .text.btmemb_init
                0x800159cc       0x24 C:\devkitPro/libogc/lib/wii\libbte.a(btmemb.o)
                0x800159cc                btmemb_init
 .text.btmemb_alloc
                0x800159f0       0x88 C:\devkitPro/libogc/lib/wii\libbte.a(btmemb.o)
                0x800159f0                btmemb_alloc
 .text.btmemb_free
                0x80015a78       0xcc C:\devkitPro/libogc/lib/wii\libbte.a(btmemb.o)
                0x80015a78                btmemb_free
 .text.plug_holes
                0x80015b44       0xac C:\devkitPro/libogc/lib/wii\libbte.a(btmemr.o)
 .text.btmemr_init
                0x80015bf0       0x90 C:\devkitPro/libogc/lib/wii\libbte.a(btmemr.o)
                0x80015bf0                btmemr_init
 .text.btmemr_malloc
                0x80015c80      0x164 C:\devkitPro/libogc/lib/wii\libbte.a(btmemr.o)
                0x80015c80                btmemr_malloc
 .text.btmemr_free
                0x80015de4       0x90 C:\devkitPro/libogc/lib/wii\libbte.a(btmemr.o)
                0x80015de4                btmemr_free
 .text.btmemr_realloc
                0x80015e74      0x10c C:\devkitPro/libogc/lib/wii\libbte.a(btmemr.o)
                0x80015e74                btmemr_realloc
 .text.btpbuf_init
                0x80015f80       0x28 C:\devkitPro/libogc/lib/wii\libbte.a(btpbuf.o)
                0x80015f80                btpbuf_init
 .text.btpbuf_free
                0x80015fa8       0xfc C:\devkitPro/libogc/lib/wii\libbte.a(btpbuf.o)
                0x80015fa8                btpbuf_free
 .text.btpbuf_alloc
                0x800160a4      0x268 C:\devkitPro/libogc/lib/wii\libbte.a(btpbuf.o)
                0x800160a4                btpbuf_alloc
 .text.btpbuf_realloc
                0x8001630c      0x120 C:\devkitPro/libogc/lib/wii\libbte.a(btpbuf.o)
                0x8001630c                btpbuf_realloc
 .text.btpbuf_header
                0x8001642c       0x80 C:\devkitPro/libogc/lib/wii\libbte.a(btpbuf.o)
                0x8001642c                btpbuf_header
 .text.btpbuf_ref
                0x800164ac       0x34 C:\devkitPro/libogc/lib/wii\libbte.a(btpbuf.o)
                0x800164ac                btpbuf_ref
 .text.btpbuf_chain
                0x800164e0       0x88 C:\devkitPro/libogc/lib/wii\libbte.a(btpbuf.o)
                0x800164e0                btpbuf_chain
 .text.btpbuf_dechain
                0x80016568       0x6c C:\devkitPro/libogc/lib/wii\libbte.a(btpbuf.o)
                0x80016568                btpbuf_dechain
 .text.btpbuf_take
                0x800165d4      0x13c C:\devkitPro/libogc/lib/wii\libbte.a(btpbuf.o)
                0x800165d4                btpbuf_take
 .text.__writebulkmsgCB
                0x80016710       0x3c C:\devkitPro/libogc/lib/wii\libbte.a(physbusif.o)
 .text.__writectrlmsgCB
                0x8001674c       0x3c C:\devkitPro/libogc/lib/wii\libbte.a(physbusif.o)
 .text.__issue_intrread.part.0
                0x80016788       0x80 C:\devkitPro/libogc/lib/wii\libbte.a(physbusif.o)
 .text.__readintrdataCB
                0x80016808      0x134 C:\devkitPro/libogc/lib/wii\libbte.a(physbusif.o)
 .text.__issue_bulkread.part.0
                0x8001693c       0x80 C:\devkitPro/libogc/lib/wii\libbte.a(physbusif.o)
 .text.__readbulkdataCB
                0x800169bc      0x134 C:\devkitPro/libogc/lib/wii\libbte.a(physbusif.o)
 .text.physbusif_init
                0x80016af0      0x1ec C:\devkitPro/libogc/lib/wii\libbte.a(physbusif.o)
                0x80016af0                physbusif_init
 .text.physbusif_close
                0x80016cdc       0x20 C:\devkitPro/libogc/lib/wii\libbte.a(physbusif.o)
                0x80016cdc                physbusif_close
 .text.physbusif_shutdown
                0x80016cfc       0x18 C:\devkitPro/libogc/lib/wii\libbte.a(physbusif.o)
                0x80016cfc                physbusif_shutdown
 .text.physbusif_reset_all
                0x80016d14        0x4 C:\devkitPro/libogc/lib/wii\libbte.a(physbusif.o)
                0x80016d14                physbusif_reset_all
 .text.physbusif_output
                0x80016d18      0x1f4 C:\devkitPro/libogc/lib/wii\libbte.a(physbusif.o)
                0x80016d18                physbusif_output
 .text._mp3ramcopy
                0x80016f0c       0x74 C:\devkitPro/libogc/lib/wii\libmad.a(mp3player.o)
 .text.DataTransferCallback
                0x80016f80      0x4f4 C:\devkitPro/libogc/lib/wii\libmad.a(mp3player.o)
 .text.StreamPlay
                0x80017474      0x898 C:\devkitPro/libogc/lib/wii\libmad.a(mp3player.o)
 .text.MP3Player_Init
                0x80017d0c       0x3c C:\devkitPro/libogc/lib/wii\libmad.a(mp3player.o)
                0x80017d0c                MP3Player_Init
 .text.MP3Player_PlayBuffer
                0x80017d48       0x84 C:\devkitPro/libogc/lib/wii\libmad.a(mp3player.o)
                0x80017d48                MP3Player_PlayBuffer
 .text.MP3Player_Stop
                0x80017dcc       0x20 C:\devkitPro/libogc/lib/wii\libmad.a(mp3player.o)
                0x80017dcc                MP3Player_Stop
 .text.MP3Player_IsPlaying
                0x80017dec        0x8 C:\devkitPro/libogc/lib/wii\libmad.a(mp3player.o)
                0x80017dec                MP3Player_IsPlaying
 .text.decode_header
                0x80017df4      0x2e8 C:\devkitPro/libogc/lib/wii\libmad.a(frame.o)
 .text.mad_frame_init
                0x800180dc       0x54 C:\devkitPro/libogc/lib/wii\libmad.a(frame.o)
                0x800180dc                mad_frame_init
 .text.mad_frame_finish
                0x80018130       0x40 C:\devkitPro/libogc/lib/wii\libmad.a(frame.o)
                0x80018130                mad_frame_finish
 .text.mad_header_decode
                0x80018170      0x4c8 C:\devkitPro/libogc/lib/wii\libmad.a(frame.o)
                0x80018170                mad_header_decode
 .text.mad_frame_decode
                0x80018638       0xf8 C:\devkitPro/libogc/lib/wii\libmad.a(frame.o)
                0x80018638                mad_frame_decode
 .text.I_sample
                0x80018730       0x80 C:\devkitPro/libogc/lib/wii\libmad.a(layer12.o)
 .text.II_samples
                0x800187b0      0x134 C:\devkitPro/libogc/lib/wii\libmad.a(layer12.o)
 .text.mad_layer_I
                0x800188e4      0x4c8 C:\devkitPro/libogc/lib/wii\libmad.a(layer12.o)
                0x800188e4                mad_layer_I
 .text.mad_layer_II
                0x80018dac      0x9f0 C:\devkitPro/libogc/lib/wii\libmad.a(layer12.o)
                0x80018dac                mad_layer_II
 .text.III_requantize
                0x8001979c       0xb8 C:\devkitPro/libogc/lib/wii\libmad.a(layer3.o)
 .text.III_aliasreduce
                0x80019854       0xe4 C:\devkitPro/libogc/lib/wii\libmad.a(layer3.o)
 .text.III_imdct_l
                0x80019938     0x1828 C:\devkitPro/libogc/lib/wii\libmad.a(layer3.o)
 .text.III_imdct_s
                0x8001b160      0x2f0 C:\devkitPro/libogc/lib/wii\libmad.a(layer3.o)
 .text.III_freqinver
                0x8001b450       0x88 C:\devkitPro/libogc/lib/wii\libmad.a(layer3.o)
 .text.III_decode
                0x8001b4d8     0x1f94 C:\devkitPro/libogc/lib/wii\libmad.a(layer3.o)
 .text.mad_layer_III
                0x8001d46c      0x7f4 C:\devkitPro/libogc/lib/wii\libmad.a(layer3.o)
                0x8001d46c                mad_layer_III
 .text.mad_stream_init
                0x8001dc60       0x7c C:\devkitPro/libogc/lib/wii\libmad.a(stream.o)
                0x8001dc60                mad_stream_init
 .text.mad_stream_finish
                0x8001dcdc       0x40 C:\devkitPro/libogc/lib/wii\libmad.a(stream.o)
                0x8001dcdc                mad_stream_finish
 .text.mad_stream_buffer
                0x8001dd1c       0x28 C:\devkitPro/libogc/lib/wii\libmad.a(stream.o)
                0x8001dd1c                mad_stream_buffer
 .text.mad_stream_sync
                0x8001dd44       0xa0 C:\devkitPro/libogc/lib/wii\libmad.a(stream.o)
                0x8001dd44                mad_stream_sync
 .text.dct32    0x8001dde4      0xeb8 C:\devkitPro/libogc/lib/wii\libmad.a(synth.o)
 .text.synth_full
                0x8001ec9c      0x8c4 C:\devkitPro/libogc/lib/wii\libmad.a(synth.o)
 .text.synth_half
                0x8001f560      0x8d8 C:\devkitPro/libogc/lib/wii\libmad.a(synth.o)
 .text.mad_synth_mute
                0x8001fe38       0x40 C:\devkitPro/libogc/lib/wii\libmad.a(synth.o)
                0x8001fe38                mad_synth_mute
 .text.mad_synth_init
                0x8001fe78       0x3c C:\devkitPro/libogc/lib/wii\libmad.a(synth.o)
                0x8001fe78                mad_synth_init
 .text.mad_synth_frame
                0x8001feb4      0x154 C:\devkitPro/libogc/lib/wii\libmad.a(synth.o)
                0x8001feb4                mad_synth_frame
 .text.scale_rational
                0x80020008       0xe0 C:\devkitPro/libogc/lib/wii\libmad.a(timer.o)
 .text.mad_timer_set
                0x800200e8      0x1d8 C:\devkitPro/libogc/lib/wii\libmad.a(timer.o)
                0x800200e8                mad_timer_set
 .text.mad_timer_add
                0x800202c0       0x60 C:\devkitPro/libogc/lib/wii\libmad.a(timer.o)
                0x800202c0                mad_timer_add
 .text.mad_bit_init
                0x80020320       0x10 C:\devkitPro/libogc/lib/wii\libmad.a(bit.o)
                0x80020320                mad_bit_init
 .text.mad_bit_length
                0x80020330       0x2c C:\devkitPro/libogc/lib/wii\libmad.a(bit.o)
                0x80020330                mad_bit_length
 .text.mad_bit_nextbyte
                0x8002035c       0x18 C:\devkitPro/libogc/lib/wii\libmad.a(bit.o)
                0x8002035c                mad_bit_nextbyte
 .text.mad_bit_skip
                0x80020374       0x5c C:\devkitPro/libogc/lib/wii\libmad.a(bit.o)
                0x80020374                mad_bit_skip
 .text.mad_bit_read
                0x800203d0      0x110 C:\devkitPro/libogc/lib/wii\libmad.a(bit.o)
                0x800203d0                mad_bit_read
 .text.mad_bit_crc
                0x800204e0      0x1ec C:\devkitPro/libogc/lib/wii\libmad.a(bit.o)
                0x800204e0                mad_bit_crc
 .text.__dsp_donecallback
                0x800206cc        0xc C:\devkitPro/libogc/lib/wii\libasnd.a(asndlib.o)
 .text.__dsp_initcallback
                0x800206d8       0x58 C:\devkitPro/libogc/lib/wii\libasnd.a(asndlib.o)
 .text.audio_dma_callback
                0x80020730      0x5e8 C:\devkitPro/libogc/lib/wii\libasnd.a(asndlib.o)
 .text.__dsp_requestcallback
                0x80020d18      0x6dc C:\devkitPro/libogc/lib/wii\libasnd.a(asndlib.o)
 .text.ASND_Init
                0x800213f4      0x264 C:\devkitPro/libogc/lib/wii\libasnd.a(asndlib.o)
                0x800213f4                ASND_Init
 .text.ASND_End
                0x80021658       0x7c C:\devkitPro/libogc/lib/wii\libasnd.a(asndlib.o)
                0x80021658                ASND_End
 .text.ASND_SetVoice
                0x800216d4      0x21c C:\devkitPro/libogc/lib/wii\libasnd.a(asndlib.o)
                0x800216d4                ASND_SetVoice
 .text.ASND_AddVoice
                0x800218f0      0x118 C:\devkitPro/libogc/lib/wii\libasnd.a(asndlib.o)
                0x800218f0                ASND_AddVoice
 .text.ASND_TestPointer
                0x80021a08       0x6c C:\devkitPro/libogc/lib/wii\libasnd.a(asndlib.o)
                0x80021a08                ASND_TestPointer
 .text.ASND_StopVoice
                0x80021a74       0x60 C:\devkitPro/libogc/lib/wii\libasnd.a(asndlib.o)
                0x80021a74                ASND_StopVoice
 .text.ASND_StatusVoice
                0x80021ad4       0x78 C:\devkitPro/libogc/lib/wii\libasnd.a(asndlib.o)
                0x80021ad4                ASND_StatusVoice
 .text.ASND_Pause
                0x80021b4c        0x8 C:\devkitPro/libogc/lib/wii\libasnd.a(asndlib.o)
                0x80021b4c                ASND_Pause
 .text.DEBUGPrint
                0x80021b54        0x4 C:\devkitPro/libogc/lib/wii\libogc.a(common_crt0.o)
                0x80021b54                DEBUGPrint
 .text.__eabi   0x80021b58        0x4 C:\devkitPro/libogc/lib/wii\libogc.a(common_crt0.o)
                0x80021b58                __eabi
 .text.PPCEarlyInit
                0x80021b5c       0x24 C:\devkitPro/libogc/lib/wii\libogc.a(early_init.o)
                0x80021b5c                PPCEarlyInit
 .text.PPCEarlyInitImpl
                0x80021b80      0x1a4 C:\devkitPro/libogc/lib/wii\libogc.a(early_init.o)
 .text.PPCDCacheFlushAsync
                0x80021d24       0x28 C:\devkitPro/libogc/lib/wii\libogc.a(cache.o)
                0x80021d24                PPCDCacheFlushAsync
 .text.PPCDCacheInvalidate
                0x80021d4c       0x28 C:\devkitPro/libogc/lib/wii\libogc.a(cache.o)
                0x80021d4c                PPCDCacheInvalidate
 .text.PPCICacheInvalidate
                0x80021d74       0x28 C:\devkitPro/libogc/lib/wii\libogc.a(cache.o)
                0x80021d74                PPCICacheInvalidate
 .text.PPCExcptDefaultPanicFn
                0x80021d9c       0xac C:\devkitPro/libogc/lib/wii\libogc.a(exception.o)
 .text.PPCExcptInit
                0x80021e48      0x140 C:\devkitPro/libogc/lib/wii\libogc.a(exception.o)
                0x80021e48                PPCExcptInit
 .text.PPCExcptEntryGeneral
                0x80021f88       0x60 C:\devkitPro/libogc/lib/wii\libogc.a(exception_asm.o)
                0x80021f8c                PPCExcptEntryGeneral
 .text.PPCExcptEntryFpu
                0x80021fe8       0x90 C:\devkitPro/libogc/lib/wii\libogc.a(exception_asm.o)
                0x80021fec                PPCExcptEntryFpu
 .text.PPCExcptFpuHandler
                0x80022078      0x260 C:\devkitPro/libogc/lib/wii\libogc.a(exception_asm.o)
 .text.PPCExcptDefaultScHandler
                0x800222d8       0x3c C:\devkitPro/libogc/lib/wii\libogc.a(exception_asm.o)
                0x800222d8                PPCExcptDefaultScHandler
 .text.PPCExcptDefaultHandler
                0x80022314      0x13c C:\devkitPro/libogc/lib/wii\libogc.a(exception_asm.o)
                0x80022314                PPCExcptDefaultHandler
 .text.KIrqInit
                0x80022450       0x94 C:\devkitPro/libogc/lib/wii\libogc.a(interrupt.o)
                0x80022450                KIrqInit
 .text.KIrqDispatch
                0x800224e4      0x260 C:\devkitPro/libogc/lib/wii\libogc.a(interrupt.o)
                0x800224e4                KIrqDispatch
 .text.KIrqEnable
                0x80022744      0x248 C:\devkitPro/libogc/lib/wii\libogc.a(interrupt.o)
                0x80022744                KIrqEnable
 .text.KIrqDisable
                0x8002298c      0x244 C:\devkitPro/libogc/lib/wii\libogc.a(interrupt.o)
                0x8002298c                KIrqDisable
 .text.KIrqGet  0x80022bd0       0x14 C:\devkitPro/libogc/lib/wii\libogc.a(interrupt.o)
                0x80022bd0                KIrqGet
 .text.KIrqSet  0x80022be4       0x3c C:\devkitPro/libogc/lib/wii\libogc.a(interrupt.o)
                0x80022be4                KIrqSet
 .text.PPCExcptIrqHandler
                0x80022c20      0x144 C:\devkitPro/libogc/lib/wii\libogc.a(interrupt_asm.o)
                0x80022c20                PPCExcptIrqHandler
 .text.__PPCContextPrepareToJump
                0x80022d64       0x4c C:\devkitPro/libogc/lib/wii\libogc.a(interrupt_asm.o)
                0x80022d64                __PPCContextPrepareToJump
 .text.__PPCContextJump
                0x80022db0        0x8 C:\devkitPro/libogc/lib/wii\libogc.a(interrupt_asm.o)
                0x80022db0                __PPCContextJump
 .text.KThreadIdleMain
                0x80022db8        0x4 C:\devkitPro/libogc/lib/wii\libogc.a(thread.o)
 .text.__getreent
                0x80022dbc       0x24 C:\devkitPro/libogc/lib/wii\libogc.a(thread.o)
                0x80022dbc                __getreent
 .text.KThreadInit
                0x80022de0      0x100 C:\devkitPro/libogc/lib/wii\libogc.a(thread.o)
                0x80022de0                KThreadInit
 .text.KThreadPrepare
                0x80022ee0      0x1e8 C:\devkitPro/libogc/lib/wii\libogc.a(thread.o)
                0x80022ee0                KThreadPrepare
 .text.KThreadSwitchTo
                0x800230c8       0x88 C:\devkitPro/libogc/lib/wii\libogc.a(thread.o)
                0x800230c8                KThreadSwitchTo
 .text.KThreadResume
                0x80023150       0xa8 C:\devkitPro/libogc/lib/wii\libogc.a(thread.o)
                0x80023150                KThreadResume
 .text.KThrQueueBlock
                0x800231f8      0x108 C:\devkitPro/libogc/lib/wii\libogc.a(thread.o)
                0x800231f8                KThrQueueBlock
 .text.KThreadJoin
                0x80023300       0x88 C:\devkitPro/libogc/lib/wii\libogc.a(thread.o)
                0x80023300                KThreadJoin
 .text.KThreadSleepTicks
                0x80023388       0x70 C:\devkitPro/libogc/lib/wii\libogc.a(thread.o)
                0x80023388                KThreadSleepTicks
 .text.KThrQueueUnblockOneByValue
                0x800233f8       0xcc C:\devkitPro/libogc/lib/wii\libogc.a(thread.o)
                0x800233f8                KThrQueueUnblockOneByValue
 .text.KThrQueueUnblockAllByValue
                0x800234c4      0x154 C:\devkitPro/libogc/lib/wii\libogc.a(thread.o)
                0x800234c4                KThrQueueUnblockAllByValue
 .text.KThreadSleepWakeup
                0x80023618       0x10 C:\devkitPro/libogc/lib/wii\libogc.a(thread.o)
 .text.KThreadExit
                0x80023628       0xc4 C:\devkitPro/libogc/lib/wii\libogc.a(thread.o)
                0x80023628                KThreadExit
 .text.KThreadUpdateDynamicPrio
                0x800236ec      0x1f4 C:\devkitPro/libogc/lib/wii\libogc.a(sync.o)
                0x800236ec                KThreadUpdateDynamicPrio
 .text.KThreadRemoveWaiter
                0x800238e0      0x178 C:\devkitPro/libogc/lib/wii\libogc.a(sync.o)
 .text.KMutexLock
                0x80023a58      0x194 C:\devkitPro/libogc/lib/wii\libogc.a(sync.o)
                0x80023a58                KMutexLock
 .text.KMutexUnlock
                0x80023bec      0x104 C:\devkitPro/libogc/lib/wii\libogc.a(sync.o)
                0x80023bec                KMutexUnlock
 .text.KTickTaskReschedule
                0x80023cf0       0x6c C:\devkitPro/libogc/lib/wii\libogc.a(tick.o)
 .text.KTickTaskRun
                0x80023d5c      0x128 C:\devkitPro/libogc/lib/wii\libogc.a(tick.o)
                0x80023d5c                KTickTaskRun
 .text.KTickTaskStart
                0x80023e84      0x168 C:\devkitPro/libogc/lib/wii\libogc.a(tick.o)
                0x80023e84                KTickTaskStart
 .text.KTickTaskStop
                0x80023fec       0xc4 C:\devkitPro/libogc/lib/wii\libogc.a(tick.o)
                0x80023fec                KTickTaskStop
 .text.__syscall_lock_acquire
                0x800240b0        0x4 C:\devkitPro/libogc/lib/wii\libogc.a(newlib_syscalls.o)
                0x800240b0                __syscall_lock_acquire
 .text.__syscall_lock_release
                0x800240b4        0x4 C:\devkitPro/libogc/lib/wii\libogc.a(newlib_syscalls.o)
                0x800240b4                __syscall_lock_release
 .text.__syscall_lock_acquire_recursive
                0x800240b8       0x50 C:\devkitPro/libogc/lib/wii\libogc.a(newlib_syscalls.o)
                0x800240b8                __syscall_lock_acquire_recursive
 .text.__syscall_lock_release_recursive
                0x80024108       0x18 C:\devkitPro/libogc/lib/wii\libogc.a(newlib_syscalls.o)
                0x80024108                __syscall_lock_release_recursive
 .text.lwpc_alarm_cb
                0x80024120       0x10 C:\devkitPro/libogc/lib/wii\libogc.a(lwpc_alarm.o)
 .text.SYS_CreateAlarm
                0x80024130       0x74 C:\devkitPro/libogc/lib/wii\libogc.a(lwpc_alarm.o)
                0x80024130                SYS_CreateAlarm
 .text.SYS_SetAlarm
                0x800241a4      0x120 C:\devkitPro/libogc/lib/wii\libogc.a(lwpc_alarm.o)
                0x800241a4                SYS_SetAlarm
 .text.SYS_SetPeriodicAlarm
                0x800242c4      0x1b8 C:\devkitPro/libogc/lib/wii\libogc.a(lwpc_alarm.o)
                0x800242c4                SYS_SetPeriodicAlarm
 .text.SYS_RemoveAlarm
                0x8002447c       0x4c C:\devkitPro/libogc/lib/wii\libogc.a(lwpc_alarm.o)
                0x8002447c                SYS_RemoveAlarm
 .text.SYS_CancelAlarm
                0x800244c8       0x34 C:\devkitPro/libogc/lib/wii\libogc.a(lwpc_alarm.o)
                0x800244c8                SYS_CancelAlarm
 .text.LWP_InitQueue
                0x800244fc       0xdc C:\devkitPro/libogc/lib/wii\libogc.a(lwpc_queue.o)
                0x800244fc                LWP_InitQueue
 .text.LWP_CloseQueue
                0x800245d8       0x90 C:\devkitPro/libogc/lib/wii\libogc.a(lwpc_queue.o)
                0x800245d8                LWP_CloseQueue
 .text.LWP_ThreadSleep
                0x80024668       0x44 C:\devkitPro/libogc/lib/wii\libogc.a(lwpc_queue.o)
                0x80024668                LWP_ThreadSleep
 .text.LWP_ThreadSignal
                0x800246ac       0x1c C:\devkitPro/libogc/lib/wii\libogc.a(lwpc_queue.o)
                0x800246ac                LWP_ThreadSignal
 .text.LWP_ThreadBroadcast
                0x800246c8       0x1c C:\devkitPro/libogc/lib/wii\libogc.a(lwpc_queue.o)
                0x800246c8                LWP_ThreadBroadcast
 .text.LWP_CreateThread
                0x800246e4      0x114 C:\devkitPro/libogc/lib/wii\libogc.a(lwpc_thread.o)
                0x800246e4                LWP_CreateThread
 .text.LWP_JoinThread
                0x800247f8       0x6c C:\devkitPro/libogc/lib/wii\libogc.a(lwpc_thread.o)
                0x800247f8                LWP_JoinThread
 .text.LWP_SemInit
                0x80024864      0x120 C:\devkitPro/libogc/lib/wii\libogc.a(lwpc_sem.o)
                0x80024864                LWP_SemInit
 .text.LWP_SemDestroy
                0x80024984       0xa0 C:\devkitPro/libogc/lib/wii\libogc.a(lwpc_sem.o)
                0x80024984                LWP_SemDestroy
 .text.LWP_SemWait
                0x80024a24       0xa8 C:\devkitPro/libogc/lib/wii\libogc.a(lwpc_sem.o)
                0x80024a24                LWP_SemWait
 .text.LWP_SemPost
                0x80024acc       0xa8 C:\devkitPro/libogc/lib/wii\libogc.a(lwpc_sem.o)
                0x80024acc                LWP_SemPost
 .text.RGB8_to_YCbCr
                0x80024b74      0x144 C:\devkitPro/libogc/lib/wii\libogc.a(console.o)
 .text.__console_drawc.part.0
                0x80024cb8      0x274 C:\devkitPro/libogc/lib/wii\libogc.a(console.o)
 .text.__console_clear
                0x80024f2c      0x190 C:\devkitPro/libogc/lib/wii\libogc.a(console.o)
 .text.__set_default_console
                0x800250bc      0x108 C:\devkitPro/libogc/lib/wii\libogc.a(console.o)
 .text.__console_clear_line
                0x800251c4      0x174 C:\devkitPro/libogc/lib/wii\libogc.a(console.o)
 .text.__console_init
                0x80025338       0x54 C:\devkitPro/libogc/lib/wii\libogc.a(console.o)
                0x80025338                __console_init
 .text.newRow   0x8002538c      0x134 C:\devkitPro/libogc/lib/wii\libogc.a(console.o)
                0x8002538c                newRow
 .text.consolePrintChar.part.0
                0x800254c0      0x220 C:\devkitPro/libogc/lib/wii\libogc.a(console.o)
 .text.__console_write
                0x800256e0      0xe60 C:\devkitPro/libogc/lib/wii\libogc.a(console.o)
                0x800256e0                __console_write
 .text.CON_Init
                0x80026540       0xe4 C:\devkitPro/libogc/lib/wii\libogc.a(console.o)
                0x80026540                CON_Init
 .text.CON_EnableGecko
                0x80026624       0xf8 C:\devkitPro/libogc/lib/wii\libogc.a(console.o)
                0x80026624                CON_EnableGecko
 .text.__lwp_queue_initialize
                0x8002671c       0x98 C:\devkitPro/libogc/lib/wii\libogc.a(lwp_queue.o)
                0x8002671c                __lwp_queue_initialize
 .text.__lwp_queue_get
                0x800267b4       0x60 C:\devkitPro/libogc/lib/wii\libogc.a(lwp_queue.o)
                0x800267b4                __lwp_queue_get
 .text.__lwp_queue_append
                0x80026814       0x38 C:\devkitPro/libogc/lib/wii\libogc.a(lwp_queue.o)
                0x80026814                __lwp_queue_append
 .text.__lwp_wkspace_init
                0x8002684c       0xa4 C:\devkitPro/libogc/lib/wii\libogc.a(lwp_wkspace.o)
                0x8002684c                __lwp_wkspace_init
 .text.__lwp_heap_init
                0x800268f0       0x90 C:\devkitPro/libogc/lib/wii\libogc.a(lwp_heap.o)
                0x800268f0                __lwp_heap_init
 .text.__lwp_heap_allocate
                0x80026980      0x14c C:\devkitPro/libogc/lib/wii\libogc.a(lwp_heap.o)
                0x80026980                __lwp_heap_allocate
 .text.__lwp_heap_free
                0x80026acc      0x170 C:\devkitPro/libogc/lib/wii\libogc.a(lwp_heap.o)
                0x80026acc                __lwp_heap_free
 .text.__VISendI2CData.constprop.0.isra.0
                0x80026c3c      0x3c8 C:\devkitPro/libogc/lib/wii\libogc.a(video.o)
 .text.__setFbbRegs.constprop.0
                0x80027004      0x194 C:\devkitPro/libogc/lib/wii\libogc.a(video.o)
 .text.__VISetYUVSEL
                0x80027198       0xb8 C:\devkitPro/libogc/lib/wii\libogc.a(video.o)
 .text.__VIClearFramebuffer
                0x80027250       0x48 C:\devkitPro/libogc/lib/wii\libogc.a(video.o)
                0x80027250                __VIClearFramebuffer
 .text.VIDEO_Configure
                0x80027298      0x5c0 C:\devkitPro/libogc/lib/wii\libogc.a(video.o)
                0x80027298                VIDEO_Configure
 .text.VIDEO_WaitVSync
                0x80027858       0x68 C:\devkitPro/libogc/lib/wii\libogc.a(video.o)
                0x80027858                VIDEO_WaitVSync
 .text.VIDEO_SetFramebuffer
                0x800278c0       0xc4 C:\devkitPro/libogc/lib/wii\libogc.a(video.o)
                0x800278c0                VIDEO_SetFramebuffer
 .text.VIDEO_SetNextFramebuffer
                0x80027984       0x54 C:\devkitPro/libogc/lib/wii\libogc.a(video.o)
                0x80027984                VIDEO_SetNextFramebuffer
 .text.VIDEO_Flush
                0x800279d8       0xe8 C:\devkitPro/libogc/lib/wii\libogc.a(video.o)
                0x800279d8                VIDEO_Flush
 .text.VIDEO_SetBlack
                0x80027ac0      0x150 C:\devkitPro/libogc/lib/wii\libogc.a(video.o)
                0x80027ac0                VIDEO_SetBlack
 .text.VIDEO_GetCurrentTvMode
                0x80027c10       0x64 C:\devkitPro/libogc/lib/wii\libogc.a(video.o)
                0x80027c10                VIDEO_GetCurrentTvMode
 .text.__VIRetraceHandler
                0x80027c74      0x284 C:\devkitPro/libogc/lib/wii\libogc.a(video.o)
 .text.__VISetupEncoder
                0x80027ef8      0x288 C:\devkitPro/libogc/lib/wii\libogc.a(video.o)
 .text.VIDEO_Init
                0x80028180      0x3c4 C:\devkitPro/libogc/lib/wii\libogc.a(video.o)
                0x80028180                VIDEO_Init
 .text.VIDEO_GetPreferredMode
                0x80028544      0x11c C:\devkitPro/libogc/lib/wii\libogc.a(video.o)
                0x80028544                VIDEO_GetPreferredMode
 .text.VIDEO_GetCurrentLine
                0x80028660       0x94 C:\devkitPro/libogc/lib/wii\libogc.a(video.o)
                0x80028660                VIDEO_GetCurrentLine
 .text.VIDEO_GetFrameBufferSize
                0x800286f4       0x34 C:\devkitPro/libogc/lib/wii\libogc.a(video.o)
                0x800286f4                VIDEO_GetFrameBufferSize
 .text.__MEMInterruptHandler
                0x80028728       0x14 C:\devkitPro/libogc/lib/wii\libogc.a(system.o)
 .text.__RSWDefaultHandler
                0x8002873c        0x4 C:\devkitPro/libogc/lib/wii\libogc.a(system.o)
 .text.__POWDefaultHandler
                0x80028740        0x4 C:\devkitPro/libogc/lib/wii\libogc.a(system.o)
 .text.__getrtc
                0x80028744      0x148 C:\devkitPro/libogc/lib/wii\libogc.a(system.o)
 .text.__sram_write
                0x8002888c      0x140 C:\devkitPro/libogc/lib/wii\libogc.a(system.o)
 .text.__sram_writecallback
                0x800289cc       0x54 C:\devkitPro/libogc/lib/wii\libogc.a(system.o)
 .text.__mem_onreset
                0x80028a20       0x48 C:\devkitPro/libogc/lib/wii\libogc.a(system.o)
 .text.__unlocksram
                0x80028a68      0x120 C:\devkitPro/libogc/lib/wii\libogc.a(system.o)
 .text.__call_resetfuncs
                0x80028b88      0x150 C:\devkitPro/libogc/lib/wii\libogc.a(system.o)
 .text.__syscall_malloc_lock
                0x80028cd8       0x4c C:\devkitPro/libogc/lib/wii\libogc.a(system.o)
                0x80028cd8                __syscall_malloc_lock
 .text.__syscall_malloc_unlock
                0x80028d24       0x1c C:\devkitPro/libogc/lib/wii\libogc.a(system.o)
                0x80028d24                __syscall_malloc_unlock
 .text.__syscall_nanosleep
                0x80028d40        0x4 C:\devkitPro/libogc/lib/wii\libogc.a(system.o)
                0x80028d40                __syscall_nanosleep
 .text.__SYS_GetRTC
                0x80028d44       0xd4 C:\devkitPro/libogc/lib/wii\libogc.a(system.o)
                0x80028d44                __SYS_GetRTC
 .text.__SYS_SetBootTime
                0x80028e18       0xe0 C:\devkitPro/libogc/lib/wii\libogc.a(system.o)
                0x80028e18                __SYS_SetBootTime
 .text.__SYS_GetIPCBufferLo
                0x80028ef8        0x8 C:\devkitPro/libogc/lib/wii\libogc.a(system.o)
                0x80028ef8                __SYS_GetIPCBufferLo
 .text.__SYS_GetIPCBufferHi
                0x80028f00        0x8 C:\devkitPro/libogc/lib/wii\libogc.a(system.o)
                0x80028f00                __SYS_GetIPCBufferHi
 .text.SYS_DoPowerCB
                0x80028f08       0xdc C:\devkitPro/libogc/lib/wii\libogc.a(system.o)
                0x80028f08                SYS_DoPowerCB
 .text.__STMEventHandler
                0x80028fe4       0xf8 C:\devkitPro/libogc/lib/wii\libogc.a(system.o)
 .text.__SYS_DisablePowerButton
                0x800290dc       0x38 C:\devkitPro/libogc/lib/wii\libogc.a(system.o)
                0x800290dc                __SYS_DisablePowerButton
 .text.__SYS_PreInit
                0x80029114        0x4 C:\devkitPro/libogc/lib/wii\libogc.a(system.o)
                0x80029114                __SYS_PreInit
 .text.__SYS_InstallPanicHandler
                0x80029118       0x10 C:\devkitPro/libogc/lib/wii\libogc.a(system.o)
                0x80029118                __SYS_InstallPanicHandler
 .text.SYS_PreMain
                0x80029128       0x7c C:\devkitPro/libogc/lib/wii\libogc.a(system.o)
                0x80029128                SYS_PreMain
 .text.SYS_ResetButtonDown
                0x800291a4       0x18 C:\devkitPro/libogc/lib/wii\libogc.a(system.o)
                0x800291a4                SYS_ResetButtonDown
 .text.SYS_ResetSystem
                0x800291bc      0x214 C:\devkitPro/libogc/lib/wii\libogc.a(system.o)
                0x800291bc                SYS_ResetSystem
 .text.__reload
                0x800293d0       0x80 C:\devkitPro/libogc/lib/wii\libogc.a(system.o)
                0x800293d0                __reload
 .text.__syscall_exit
                0x80029450       0x9c C:\devkitPro/libogc/lib/wii\libogc.a(system.o)
                0x80029450                __syscall_exit
 .text.SYS_RegisterResetFunc
                0x800294ec       0x6c C:\devkitPro/libogc/lib/wii\libogc.a(system.o)
                0x800294ec                SYS_RegisterResetFunc
 .text.SYS_SetArena1Lo
                0x80029558       0x24 C:\devkitPro/libogc/lib/wii\libogc.a(system.o)
                0x80029558                SYS_SetArena1Lo
 .text.SYS_GetArena1Lo
                0x8002957c       0x24 C:\devkitPro/libogc/lib/wii\libogc.a(system.o)
                0x8002957c                SYS_GetArena1Lo
 .text.SYS_GetArena1Hi
                0x800295a0       0x24 C:\devkitPro/libogc/lib/wii\libogc.a(system.o)
                0x800295a0                SYS_GetArena1Hi
 .text.SYS_SetArena2Lo
                0x800295c4       0x24 C:\devkitPro/libogc/lib/wii\libogc.a(system.o)
                0x800295c4                SYS_SetArena2Lo
 .text.SYS_GetArena2Lo
                0x800295e8       0x24 C:\devkitPro/libogc/lib/wii\libogc.a(system.o)
                0x800295e8                SYS_GetArena2Lo
 .text.SYS_SetArena2Hi
                0x8002960c       0x24 C:\devkitPro/libogc/lib/wii\libogc.a(system.o)
                0x8002960c                SYS_SetArena2Hi
 .text.SYS_GetArena2Hi
                0x80029630       0x24 C:\devkitPro/libogc/lib/wii\libogc.a(system.o)
                0x80029630                SYS_GetArena2Hi
 .text.SYS_AllocateFramebuffer
                0x80029654       0x28 C:\devkitPro/libogc/lib/wii\libogc.a(system.o)
                0x80029654                SYS_AllocateFramebuffer
 .text.SYS_GetWirelessID
                0x8002967c       0x78 C:\devkitPro/libogc/lib/wii\libogc.a(system.o)
                0x8002967c                SYS_GetWirelessID
 .text.SYS_SetWirelessID
                0x800296f4       0x84 C:\devkitPro/libogc/lib/wii\libogc.a(system.o)
                0x800296f4                SYS_SetWirelessID
 .text.SYS_SetGBSMode
                0x80029778       0x9c C:\devkitPro/libogc/lib/wii\libogc.a(system.o)
                0x80029778                SYS_SetGBSMode
 .text.__sram_init
                0x80029814      0x1b0 C:\devkitPro/libogc/lib/wii\libogc.a(system.o)
                0x80029814                __sram_init
 .text.SYS_Init
                0x800299c4      0x4a4 C:\devkitPro/libogc/lib/wii\libogc.a(system.o)
                0x800299c4                SYS_Init
 .text.SYS_GetHollywoodRevision
                0x80029e68       0x3c C:\devkitPro/libogc/lib/wii\libogc.a(system.o)
                0x80029e68                SYS_GetHollywoodRevision
 .text.SYS_Time
                0x80029ea4       0x54 C:\devkitPro/libogc/lib/wii\libogc.a(system.o)
                0x80029ea4                SYS_Time
 .text.__AISRCINIT
                0x80029ef8      0x1e4 C:\devkitPro/libogc/lib/wii\libogc.a(audio.o)
 .text.__AIDHandler
                0x8002a0dc       0xd4 C:\devkitPro/libogc/lib/wii\libogc.a(audio.o)
 .text.AUDIO_Init
                0x8002a1b0      0x13c C:\devkitPro/libogc/lib/wii\libogc.a(audio.o)
                0x8002a1b0                AUDIO_Init
 .text.AUDIO_RegisterDMACallback
                0x8002a2ec       0x2c C:\devkitPro/libogc/lib/wii\libogc.a(audio.o)
                0x8002a2ec                AUDIO_RegisterDMACallback
 .text.AUDIO_InitDMA
                0x8002a318       0x50 C:\devkitPro/libogc/lib/wii\libogc.a(audio.o)
                0x8002a318                AUDIO_InitDMA
 .text.AUDIO_StartDMA
                0x8002a368       0x1c C:\devkitPro/libogc/lib/wii\libogc.a(audio.o)
                0x8002a368                AUDIO_StartDMA
 .text.AUDIO_StopDMA
                0x8002a384       0x18 C:\devkitPro/libogc/lib/wii\libogc.a(audio.o)
                0x8002a384                AUDIO_StopDMA
 .text.AUDIO_SetDSPSampleRate
                0x8002a39c       0x88 C:\devkitPro/libogc/lib/wii\libogc.a(audio.o)
                0x8002a39c                AUDIO_SetDSPSampleRate
 .text.__dsp_exectask
                0x8002a424      0x27c C:\devkitPro/libogc/lib/wii\libogc.a(dsp.o)
 .text.__dsp_inthandler
                0x8002a6a0       0x30 C:\devkitPro/libogc/lib/wii\libogc.a(dsp.o)
 .text.__dsp_removetask
                0x8002a6d0       0x74 C:\devkitPro/libogc/lib/wii\libogc.a(dsp.o)
 .text.__dsp_def_taskcb
                0x8002a744      0x3f4 C:\devkitPro/libogc/lib/wii\libogc.a(dsp.o)
 .text.DSP_Init
                0x8002ab38       0xd4 C:\devkitPro/libogc/lib/wii\libogc.a(dsp.o)
                0x8002ab38                DSP_Init
 .text.DSP_CheckMailTo
                0x8002ac0c       0x14 C:\devkitPro/libogc/lib/wii\libogc.a(dsp.o)
                0x8002ac0c                DSP_CheckMailTo
 .text.DSP_SendMailTo
                0x8002ac20       0x18 C:\devkitPro/libogc/lib/wii\libogc.a(dsp.o)
                0x8002ac20                DSP_SendMailTo
 .text.DSP_AddTask
                0x8002ac38      0x2a8 C:\devkitPro/libogc/lib/wii\libogc.a(dsp.o)
                0x8002ac38                DSP_AddTask
 .text.__si_transfer
                0x8002aee0      0x1b8 C:\devkitPro/libogc/lib/wii\libogc.a(si.o)
 .text.__si_alarmhandler
                0x8002b098       0xa0 C:\devkitPro/libogc/lib/wii\libogc.a(si.o)
 .text.__si_completetransfer
                0x8002b138      0x1f4 C:\devkitPro/libogc/lib/wii\libogc.a(si.o)
 .text.__si_transfernext
                0x8002b32c       0xd8 C:\devkitPro/libogc/lib/wii\libogc.a(si.o)
 .text.SI_Busy  0x8002b404       0x18 C:\devkitPro/libogc/lib/wii\libogc.a(si.o)
                0x8002b404                SI_Busy
 .text.SI_IsChanBusy
                0x8002b41c       0x38 C:\devkitPro/libogc/lib/wii\libogc.a(si.o)
                0x8002b41c                SI_IsChanBusy
 .text.SI_EnablePolling
                0x8002b454       0x64 C:\devkitPro/libogc/lib/wii\libogc.a(si.o)
                0x8002b454                SI_EnablePolling
 .text.SI_DisablePolling
                0x8002b4b8       0x44 C:\devkitPro/libogc/lib/wii\libogc.a(si.o)
                0x8002b4b8                SI_DisablePolling
 .text.SI_SetSamplingRate
                0x8002b4fc      0x110 C:\devkitPro/libogc/lib/wii\libogc.a(si.o)
                0x8002b4fc                SI_SetSamplingRate
 .text.SI_RefreshSamplingRate
                0x8002b60c        0x8 C:\devkitPro/libogc/lib/wii\libogc.a(si.o)
                0x8002b60c                SI_RefreshSamplingRate
 .text.SI_GetStatus
                0x8002b614       0x6c C:\devkitPro/libogc/lib/wii\libogc.a(si.o)
                0x8002b614                SI_GetStatus
 .text.SI_GetResponseRaw
                0x8002b680       0xd4 C:\devkitPro/libogc/lib/wii\libogc.a(si.o)
                0x8002b680                SI_GetResponseRaw
 .text.SI_GetResponse
                0x8002b754       0xa4 C:\devkitPro/libogc/lib/wii\libogc.a(si.o)
                0x8002b754                SI_GetResponse
 .text.SI_SetCommand
                0x8002b7f8       0x10 C:\devkitPro/libogc/lib/wii\libogc.a(si.o)
                0x8002b7f8                SI_SetCommand
 .text.SI_Transfer
                0x8002b808      0x2dc C:\devkitPro/libogc/lib/wii\libogc.a(si.o)
                0x8002b808                SI_Transfer
 .text.__si_gettypecallback
                0x8002bae4      0x2b8 C:\devkitPro/libogc/lib/wii\libogc.a(si.o)
 .text.__si_interrupthandler
                0x8002bd9c      0x278 C:\devkitPro/libogc/lib/wii\libogc.a(si.o)
 .text.SI_GetType
                0x8002c014      0x1fc C:\devkitPro/libogc/lib/wii\libogc.a(si.o)
                0x8002c014                SI_GetType
 .text.SI_GetTypeAsync
                0x8002c210      0x134 C:\devkitPro/libogc/lib/wii\libogc.a(si.o)
                0x8002c210                SI_GetTypeAsync
 .text.SI_EnablePollingInterrupt
                0x8002c344       0x80 C:\devkitPro/libogc/lib/wii\libogc.a(si.o)
                0x8002c344                SI_EnablePollingInterrupt
 .text.SI_UnregisterPollingHandler
                0x8002c3c4       0xd8 C:\devkitPro/libogc/lib/wii\libogc.a(si.o)
                0x8002c3c4                SI_UnregisterPollingHandler
 .text.__si_init
                0x8002c49c       0xe0 C:\devkitPro/libogc/lib/wii\libogc.a(si.o)
                0x8002c49c                __si_init
 .text.__ipc_sendrequest.part.0
                0x8002c57c      0x110 C:\devkitPro/libogc/lib/wii\libogc.a(ipc.o)
 .text.__ipc_syncrequest
                0x8002c68c       0xe8 C:\devkitPro/libogc/lib/wii\libogc.a(ipc.o)
 .text.__ioctlvfmtCB
                0x8002c774      0x158 C:\devkitPro/libogc/lib/wii\libogc.a(ipc.o)
 .text.__ios_ioctlvformat_parse
                0x8002c8cc      0x804 C:\devkitPro/libogc/lib/wii\libogc.a(ipc.o)
 .text.__ipc_asyncrequest
                0x8002d0d0      0x128 C:\devkitPro/libogc/lib/wii\libogc.a(ipc.o)
 .text.__ipc_interrupthandler
                0x8002d1f8      0x384 C:\devkitPro/libogc/lib/wii\libogc.a(ipc.o)
 .text.iosCreateHeap
                0x8002d57c      0x124 C:\devkitPro/libogc/lib/wii\libogc.a(ipc.o)
                0x8002d57c                iosCreateHeap
 .text.iosAlloc
                0x8002d6a0       0x30 C:\devkitPro/libogc/lib/wii\libogc.a(ipc.o)
                0x8002d6a0                iosAlloc
 .text.iosFree  0x8002d6d0       0x28 C:\devkitPro/libogc/lib/wii\libogc.a(ipc.o)
                0x8002d6d0                iosFree
 .text.__IPC_ClntInit
                0x8002d6f8       0xc4 C:\devkitPro/libogc/lib/wii\libogc.a(ipc.o)
                0x8002d6f8                __IPC_ClntInit
 .text.IOS_Open
                0x8002d7bc      0x148 C:\devkitPro/libogc/lib/wii\libogc.a(ipc.o)
                0x8002d7bc                IOS_Open
 .text.IOS_Close
                0x8002d904       0xf0 C:\devkitPro/libogc/lib/wii\libogc.a(ipc.o)
                0x8002d904                IOS_Close
 .text.IOS_Read
                0x8002d9f4      0x10c C:\devkitPro/libogc/lib/wii\libogc.a(ipc.o)
                0x8002d9f4                IOS_Read
 .text.IOS_Write
                0x8002db00      0x144 C:\devkitPro/libogc/lib/wii\libogc.a(ipc.o)
                0x8002db00                IOS_Write
 .text.IOS_Ioctl
                0x8002dc44      0x1c8 C:\devkitPro/libogc/lib/wii\libogc.a(ipc.o)
                0x8002dc44                IOS_Ioctl
 .text.IOS_IoctlAsync
                0x8002de0c      0x1b8 C:\devkitPro/libogc/lib/wii\libogc.a(ipc.o)
                0x8002de0c                IOS_IoctlAsync
 .text.IOS_Ioctlv
                0x8002dfc4      0x298 C:\devkitPro/libogc/lib/wii\libogc.a(ipc.o)
                0x8002dfc4                IOS_Ioctlv
 .text.IOS_IoctlvAsync
                0x8002e25c      0x27c C:\devkitPro/libogc/lib/wii\libogc.a(ipc.o)
                0x8002e25c                IOS_IoctlvAsync
 .text.IOS_IoctlvFormat
                0x8002e4d8      0x170 C:\devkitPro/libogc/lib/wii\libogc.a(ipc.o)
                0x8002e4d8                IOS_IoctlvFormat
 .text.IOS_IoctlvReboot
                0x8002e648      0x29c C:\devkitPro/libogc/lib/wii\libogc.a(ipc.o)
                0x8002e648                IOS_IoctlvReboot
 .text.settime  0x8002e8e4       0x14 C:\devkitPro/libogc/lib/wii\libogc.a(timesupp.o)
                0x8002e8e4                settime
 .text.udelay   0x8002e8f8       0xac C:\devkitPro/libogc/lib/wii\libogc.a(timesupp.o)
                0x8002e8f8                udelay
 .text.__libogc_nanosleep
                0x8002e9a4       0xb8 C:\devkitPro/libogc/lib/wii\libogc.a(timesupp.o)
                0x8002e9a4                __libogc_nanosleep
 .text.__usbgecko_exi_unlock
                0x8002ea5c       0x34 C:\devkitPro/libogc/lib/wii\libogc.a(usbgecko.o)
 .text.usb_isgeckoalive
                0x8002ea90      0x1bc C:\devkitPro/libogc/lib/wii\libogc.a(usbgecko.o)
                0x8002ea90                usb_isgeckoalive
 .text.usb_sendbuffer_ex
                0x8002ec4c      0x208 C:\devkitPro/libogc/lib/wii\libogc.a(usbgecko.o)
                0x8002ec4c                usb_sendbuffer_ex
 .text.usb_sendbuffer
                0x8002ee54        0x8 C:\devkitPro/libogc/lib/wii\libogc.a(usbgecko.o)
                0x8002ee54                usb_sendbuffer
 .text.usb_sendbuffer_safe_ex
                0x8002ee5c      0x2a0 C:\devkitPro/libogc/lib/wii\libogc.a(usbgecko.o)
                0x8002ee5c                usb_sendbuffer_safe_ex
 .text.usb_sendbuffer_safe
                0x8002f0fc        0x8 C:\devkitPro/libogc/lib/wii\libogc.a(usbgecko.o)
                0x8002f0fc                usb_sendbuffer_safe
 .text._sbrk_r  0x8002f104      0x260 C:\devkitPro/libogc/lib/wii\libogc.a(sbrk.o)
                0x8002f104                _sbrk_r
 .text.__STM_SetEventHook
                0x8002f364       0x98 C:\devkitPro/libogc/lib/wii\libogc.a(stm.o)
                0x8002f364                __STM_SetEventHook
 .text.__STM_Init
                0x8002f3fc       0x8c C:\devkitPro/libogc/lib/wii\libogc.a(stm.o)
                0x8002f3fc                __STM_Init
 .text.__STMEventHandler
                0x8002f488       0x64 C:\devkitPro/libogc/lib/wii\libogc.a(stm.o)
 .text.__STM_ReleaseEventHook
                0x8002f4ec       0x80 C:\devkitPro/libogc/lib/wii\libogc.a(stm.o)
                0x8002f4ec                __STM_ReleaseEventHook
 .text.__STM_Close
                0x8002f56c       0xa8 C:\devkitPro/libogc/lib/wii\libogc.a(stm.o)
                0x8002f56c                __STM_Close
 .text.STM_RegisterEventHandler
                0x8002f614       0x10 C:\devkitPro/libogc/lib/wii\libogc.a(stm.o)
                0x8002f614                STM_RegisterEventHandler
 .text.STM_ShutdownToStandby
                0x8002f624       0x50 C:\devkitPro/libogc/lib/wii\libogc.a(stm.o)
                0x8002f624                STM_ShutdownToStandby
 .text.STM_ShutdownToIdle
                0x8002f674       0xb4 C:\devkitPro/libogc/lib/wii\libogc.a(stm.o)
                0x8002f674                STM_ShutdownToIdle
 .text.STM_SetLedMode
                0x8002f728       0x40 C:\devkitPro/libogc/lib/wii\libogc.a(stm.o)
                0x8002f728                STM_SetLedMode
 .text.STM_RebootSystem
                0x8002f768       0x50 C:\devkitPro/libogc/lib/wii\libogc.a(stm.o)
                0x8002f768                STM_RebootSystem
 .text.__IOS_InitializeSubsystems
                0x8002f7b8       0x48 C:\devkitPro/libogc/lib/wii\libogc.a(ios.o)
                0x8002f7b8                __IOS_InitializeSubsystems
 .text.__IOS_ShutdownSubsystems
                0x8002f800       0x48 C:\devkitPro/libogc/lib/wii\libogc.a(ios.o)
                0x8002f800                __IOS_ShutdownSubsystems
 .text.__IOS_LoadStartupIOS
                0x8002f848        0x8 C:\devkitPro/libogc/lib/wii\libogc.a(ios.o)
                0x8002f848                __IOS_LoadStartupIOS
 .text._ES_fstat_r
                0x8002f850      0x124 C:\devkitPro/libogc/lib/wii\libogc.a(es.o)
 .text._ES_seek_r
                0x8002f974       0xd8 C:\devkitPro/libogc/lib/wii\libogc.a(es.o)
 .text._ES_close_r
                0x8002fa4c       0xb4 C:\devkitPro/libogc/lib/wii\libogc.a(es.o)
 .text._ES_decodepath
                0x8002fb00      0x420 C:\devkitPro/libogc/lib/wii\libogc.a(es.o)
 .text._ES_stat_r
                0x8002ff20       0xf0 C:\devkitPro/libogc/lib/wii\libogc.a(es.o)
 .text.__ES_Init
                0x80030010       0x78 C:\devkitPro/libogc/lib/wii\libogc.a(es.o)
                0x80030010                __ES_Init
 .text.__ES_Close
                0x80030088       0x54 C:\devkitPro/libogc/lib/wii\libogc.a(es.o)
                0x80030088                __ES_Close
 .text.ES_GetTitleID
                0x800300dc       0x94 C:\devkitPro/libogc/lib/wii\libogc.a(es.o)
                0x800300dc                ES_GetTitleID
 .text.ES_LaunchTitle
                0x80030170       0x9c C:\devkitPro/libogc/lib/wii\libogc.a(es.o)
                0x80030170                ES_LaunchTitle
 .text.ES_GetNumTicketViews
                0x8003020c       0x98 C:\devkitPro/libogc/lib/wii\libogc.a(es.o)
                0x8003020c                ES_GetNumTicketViews
 .text.ES_GetTicketViews
                0x800302a4       0x8c C:\devkitPro/libogc/lib/wii\libogc.a(es.o)
                0x800302a4                ES_GetTicketViews
 .text._ES_open_r
                0x80030330      0x1cc C:\devkitPro/libogc/lib/wii\libogc.a(es.o)
 .text.ES_GetStoredTMDSize
                0x800304fc       0x98 C:\devkitPro/libogc/lib/wii\libogc.a(es.o)
                0x800304fc                ES_GetStoredTMDSize
 .text.ES_GetStoredTMD
                0x80030594       0x90 C:\devkitPro/libogc/lib/wii\libogc.a(es.o)
                0x80030594                ES_GetStoredTMD
 .text.ES_ReadContent
                0x80030624       0x6c C:\devkitPro/libogc/lib/wii\libogc.a(es.o)
                0x80030624                ES_ReadContent
 .text._ES_read_r
                0x80030690      0x1c0 C:\devkitPro/libogc/lib/wii\libogc.a(es.o)
 .text.ISFS_Initialize
                0x80030850       0x90 C:\devkitPro/libogc/lib/wii\libogc.a(isfs.o)
                0x80030850                ISFS_Initialize
 .text.ISFS_Deinitialize
                0x800308e0       0x40 C:\devkitPro/libogc/lib/wii\libogc.a(isfs.o)
                0x800308e0                ISFS_Deinitialize
 .text.ISFS_Open
                0x80030920       0xe0 C:\devkitPro/libogc/lib/wii\libogc.a(isfs.o)
                0x80030920                ISFS_Open
 .text.ISFS_Write
                0x80030a00       0x1c C:\devkitPro/libogc/lib/wii\libogc.a(isfs.o)
                0x80030a00                ISFS_Write
 .text.ISFS_Close
                0x80030a1c       0x14 C:\devkitPro/libogc/lib/wii\libogc.a(isfs.o)
                0x80030a1c                ISFS_Close
 .text.__usbv5_messageCB
                0x80030a30       0x5c C:\devkitPro/libogc/lib/wii\libogc.a(usb.o)
 .text.__usb_interrupt_bulk_message
                0x80030a8c      0x2a4 C:\devkitPro/libogc/lib/wii\libogc.a(usb.o)
 .text.__usb_control_message
                0x80030d30      0x444 C:\devkitPro/libogc/lib/wii\libogc.a(usb.o)
 .text.__usbv5_devicechangeCB
                0x80031174      0x180 C:\devkitPro/libogc/lib/wii\libogc.a(usb.o)
 .text.__usbv5_attachfinishCB
                0x800312f4       0xec C:\devkitPro/libogc/lib/wii\libogc.a(usb.o)
 .text.__usbv0_messageCB
                0x800313e0       0xa8 C:\devkitPro/libogc/lib/wii\libogc.a(usb.o)
 .text.USB_FreeDescriptors.part.0
                0x80031488       0xfc C:\devkitPro/libogc/lib/wii\libogc.a(usb.o)
 .text.USB_GetDescriptors.part.0
                0x80031584      0x69c C:\devkitPro/libogc/lib/wii\libogc.a(usb.o)
 .text.USBV5_SuspendResume
                0x80031c20      0x13c C:\devkitPro/libogc/lib/wii\libogc.a(usb.o)
 .text.USBV5_GetDescriptors
                0x80031d5c      0x508 C:\devkitPro/libogc/lib/wii\libogc.a(usb.o)
 .text.USB_Deinitialize
                0x80032264       0xc8 C:\devkitPro/libogc/lib/wii\libogc.a(usb.o)
                0x80032264                USB_Deinitialize
 .text.USB_Initialize
                0x8003232c      0x30c C:\devkitPro/libogc/lib/wii\libogc.a(usb.o)
                0x8003232c                USB_Initialize
 .text.USB_OpenDevice
                0x80032638      0x2f0 C:\devkitPro/libogc/lib/wii\libogc.a(usb.o)
                0x80032638                USB_OpenDevice
 .text.USBV5_CloseDevice
                0x80032928      0x128 C:\devkitPro/libogc/lib/wii\libogc.a(usb.o)
                0x80032928                USBV5_CloseDevice
 .text.USB_CloseDevice
                0x80032a50       0x84 C:\devkitPro/libogc/lib/wii\libogc.a(usb.o)
                0x80032a50                USB_CloseDevice
 .text.USB_ReadIntrMsgAsync
                0x80032ad4       0x28 C:\devkitPro/libogc/lib/wii\libogc.a(usb.o)
                0x80032ad4                USB_ReadIntrMsgAsync
 .text.USB_ReadBlkMsgAsync
                0x80032afc       0x28 C:\devkitPro/libogc/lib/wii\libogc.a(usb.o)
                0x80032afc                USB_ReadBlkMsgAsync
 .text.USB_WriteBlkMsgAsync
                0x80032b24       0x28 C:\devkitPro/libogc/lib/wii\libogc.a(usb.o)
                0x80032b24                USB_WriteBlkMsgAsync
 .text.USB_WriteCtrlMsgAsync
                0x80032b4c        0x4 C:\devkitPro/libogc/lib/wii\libogc.a(usb.o)
                0x80032b4c                USB_WriteCtrlMsgAsync
 .text.__CheckARGV
                0x80032b50       0x80 C:\devkitPro/libogc/lib/wii\libogc.a(argv.o)
                0x80032b50                __CheckARGV
 .text.CONF_Init
                0x80032bd0      0x19c C:\devkitPro/libogc/lib/wii\libogc.a(conf.o)
                0x80032bd0                CONF_Init
 .text.__CONF_GetTxt
                0x80032d6c      0x1d0 C:\devkitPro/libogc/lib/wii\libogc.a(conf.o)
                0x80032d6c                __CONF_GetTxt
 .text.__CONF_Find
                0x80032f3c       0xf4 C:\devkitPro/libogc/lib/wii\libogc.a(conf.o)
                0x80032f3c                __CONF_Find
 .text.CONF_GetLength
                0x80033030      0x120 C:\devkitPro/libogc/lib/wii\libogc.a(conf.o)
                0x80033030                CONF_GetLength
 .text.CONF_Get
                0x80033150      0x140 C:\devkitPro/libogc/lib/wii\libogc.a(conf.o)
                0x80033150                CONF_Get
 .text.CONF_Set
                0x80033290      0x138 C:\devkitPro/libogc/lib/wii\libogc.a(conf.o)
                0x80033290                CONF_Set
 .text.CONF_SaveChanges
                0x800333c8       0xb0 C:\devkitPro/libogc/lib/wii\libogc.a(conf.o)
                0x800333c8                CONF_SaveChanges
 .text.CONF_GetShutdownMode
                0x80033478       0x54 C:\devkitPro/libogc/lib/wii\libogc.a(conf.o)
                0x80033478                CONF_GetShutdownMode
 .text.CONF_GetIdleLedMode
                0x800334cc       0x54 C:\devkitPro/libogc/lib/wii\libogc.a(conf.o)
                0x800334cc                CONF_GetIdleLedMode
 .text.CONF_GetProgressiveScan
                0x80033520       0x54 C:\devkitPro/libogc/lib/wii\libogc.a(conf.o)
                0x80033520                CONF_GetProgressiveScan
 .text.CONF_GetEuRGB60
                0x80033574       0x54 C:\devkitPro/libogc/lib/wii\libogc.a(conf.o)
                0x80033574                CONF_GetEuRGB60
 .text.CONF_GetIRSensitivity
                0x800335c8       0x54 C:\devkitPro/libogc/lib/wii\libogc.a(conf.o)
                0x800335c8                CONF_GetIRSensitivity
 .text.CONF_GetSensorBarPosition
                0x8003361c       0x54 C:\devkitPro/libogc/lib/wii\libogc.a(conf.o)
                0x8003361c                CONF_GetSensorBarPosition
 .text.CONF_GetCounterBias
                0x80033670       0x4c C:\devkitPro/libogc/lib/wii\libogc.a(conf.o)
                0x80033670                CONF_GetCounterBias
 .text.CONF_GetDisplayOffsetH
                0x800336bc       0x4c C:\devkitPro/libogc/lib/wii\libogc.a(conf.o)
                0x800336bc                CONF_GetDisplayOffsetH
 .text.CONF_GetPadDevices
                0x80033708       0x4c C:\devkitPro/libogc/lib/wii\libogc.a(conf.o)
                0x80033708                CONF_GetPadDevices
 .text.CONF_SetPadDevices
                0x80033754       0x2c C:\devkitPro/libogc/lib/wii\libogc.a(conf.o)
                0x80033754                CONF_SetPadDevices
 .text.CONF_GetPadGuestDevices
                0x80033780       0x4c C:\devkitPro/libogc/lib/wii\libogc.a(conf.o)
                0x80033780                CONF_GetPadGuestDevices
 .text.CONF_SetPadGuestDevices
                0x800337cc       0x70 C:\devkitPro/libogc/lib/wii\libogc.a(conf.o)
                0x800337cc                CONF_SetPadGuestDevices
 .text.CONF_GetVideo
                0x8003383c       0x88 C:\devkitPro/libogc/lib/wii\libogc.a(conf.o)
                0x8003383c                CONF_GetVideo
 .text.__WII_WriteNANDBootInfo.isra.0
                0x800338c4       0xc0 C:\devkitPro/libogc/lib/wii\libogc.a(wiilaunch.o)
 .text.__WII_WriteStateFlags.isra.0
                0x80033984       0x98 C:\devkitPro/libogc/lib/wii\libogc.a(wiilaunch.o)
 .text.WII_Initialize
                0x80033a1c      0x194 C:\devkitPro/libogc/lib/wii\libogc.a(wiilaunch.o)
                0x80033a1c                WII_Initialize
 .text.WII_LaunchTitle